Archive member included because of file (symbol)

c:/winavr-20100110/bin/../lib/gcc/avr/4.3.3/../../../../avr/lib/avr5\libprintf_flt.a(vfprintf_flt.o)
                              (vfprintf)
C:\Users\Mike\Documents\Robotics 3001\Workspace\RBELib\Release\libRBELib.a(Debug.o)
                              ./main.o (initRBELib)
C:\Users\Mike\Documents\Robotics 3001\Workspace\RBELib\Release\libRBELib.a(SetServo.o)
                              C:\Users\Mike\Documents\Robotics 3001\Workspace\RBELib\Release\libRBELib.a(Debug.o) (initAltCom)
c:/winavr-20100110/bin/../lib/gcc/avr/4.3.3/../../../../avr/lib/avr5\libM.a(addsf3.o)
                              ./Libraries/ADC.o (__subsf3)
c:/winavr-20100110/bin/../lib/gcc/avr/4.3.3/../../../../avr/lib/avr5\libM.a(addsf3x.o)
                              c:/winavr-20100110/bin/../lib/gcc/avr/4.3.3/../../../../avr/lib/avr5\libM.a(addsf3.o) (__addsf3x)
c:/winavr-20100110/bin/../lib/gcc/avr/4.3.3/../../../../avr/lib/avr5\libM.a(cmpsf2.o)
                              ./Lab2A.o (__eqsf2)
c:/winavr-20100110/bin/../lib/gcc/avr/4.3.3/../../../../avr/lib/avr5\libM.a(divsf3.o)
                              ./Libraries/ADC.o (__divsf3)
c:/winavr-20100110/bin/../lib/gcc/avr/4.3.3/../../../../avr/lib/avr5\libM.a(divsf3x.o)
                              c:/winavr-20100110/bin/../lib/gcc/avr/4.3.3/../../../../avr/lib/avr5\libM.a(divsf3.o) (__divsf3x)
c:/winavr-20100110/bin/../lib/gcc/avr/4.3.3/../../../../avr/lib/avr5\libM.a(fixsfsi.o)
                              ./Libraries/ADC.o (__fixsfsi)
c:/winavr-20100110/bin/../lib/gcc/avr/4.3.3/../../../../avr/lib/avr5\libM.a(fixunssfsi.o)
                              c:/winavr-20100110/bin/../lib/gcc/avr/4.3.3/../../../../avr/lib/avr5\libM.a(fixsfsi.o) (__fixunssfsi)
c:/winavr-20100110/bin/../lib/gcc/avr/4.3.3/../../../../avr/lib/avr5\libM.a(floatsisf.o)
                              ./Libraries/ADC.o (__floatsisf)
c:/winavr-20100110/bin/../lib/gcc/avr/4.3.3/../../../../avr/lib/avr5\libM.a(fp_cmp.o)
                              c:/winavr-20100110/bin/../lib/gcc/avr/4.3.3/../../../../avr/lib/avr5\libM.a(cmpsf2.o) (__fp_cmp)
c:/winavr-20100110/bin/../lib/gcc/avr/4.3.3/../../../../avr/lib/avr5\libM.a(fp_inf.o)
                              c:/winavr-20100110/bin/../lib/gcc/avr/4.3.3/../../../../avr/lib/avr5\libM.a(addsf3x.o) (__fp_inf)
c:/winavr-20100110/bin/../lib/gcc/avr/4.3.3/../../../../avr/lib/avr5\libM.a(fp_nan.o)
                              c:/winavr-20100110/bin/../lib/gcc/avr/4.3.3/../../../../avr/lib/avr5\libM.a(addsf3x.o) (__fp_nan)
c:/winavr-20100110/bin/../lib/gcc/avr/4.3.3/../../../../avr/lib/avr5\libM.a(fp_pscA.o)
                              c:/winavr-20100110/bin/../lib/gcc/avr/4.3.3/../../../../avr/lib/avr5\libM.a(addsf3x.o) (__fp_pscA)
c:/winavr-20100110/bin/../lib/gcc/avr/4.3.3/../../../../avr/lib/avr5\libM.a(fp_pscB.o)
                              c:/winavr-20100110/bin/../lib/gcc/avr/4.3.3/../../../../avr/lib/avr5\libM.a(addsf3x.o) (__fp_pscB)
c:/winavr-20100110/bin/../lib/gcc/avr/4.3.3/../../../../avr/lib/avr5\libM.a(fp_round.o)
                              c:/winavr-20100110/bin/../lib/gcc/avr/4.3.3/../../../../avr/lib/avr5\libM.a(addsf3.o) (__fp_round)
c:/winavr-20100110/bin/../lib/gcc/avr/4.3.3/../../../../avr/lib/avr5\libM.a(fp_split3.o)
                              c:/winavr-20100110/bin/../lib/gcc/avr/4.3.3/../../../../avr/lib/avr5\libM.a(addsf3x.o) (__fp_split3)
c:/winavr-20100110/bin/../lib/gcc/avr/4.3.3/../../../../avr/lib/avr5\libM.a(fp_zero.o)
                              c:/winavr-20100110/bin/../lib/gcc/avr/4.3.3/../../../../avr/lib/avr5\libM.a(addsf3x.o) (__fp_zero)
c:/winavr-20100110/bin/../lib/gcc/avr/4.3.3/../../../../avr/lib/avr5\libM.a(gesf2.o)
                              ./Lab1/Lab1_ADCandWaveform.o (__gtsf2)
c:/winavr-20100110/bin/../lib/gcc/avr/4.3.3/../../../../avr/lib/avr5\libM.a(mulsf3.o)
                              ./Libraries/ADC.o (__mulsf3)
c:/winavr-20100110/bin/../lib/gcc/avr/4.3.3/../../../../avr/lib/avr5\libM.a(mulsf3x.o)
                              c:/winavr-20100110/bin/../lib/gcc/avr/4.3.3/../../../../avr/lib/avr5\libM.a(mulsf3.o) (__mulsf3x)
c:/winavr-20100110/bin/../lib/gcc/avr/4.3.3/avr5\libgcc.a(_divmodhi4.o)
                              ./Libraries/ADC.o (__divmodhi4)
c:/winavr-20100110/bin/../lib/gcc/avr/4.3.3/avr5\libgcc.a(_udivmodsi4.o)
                              C:\Users\Mike\Documents\Robotics 3001\Workspace\RBELib\Release\libRBELib.a(SetServo.o) (__udivmodsi4)
c:/winavr-20100110/bin/../lib/gcc/avr/4.3.3/avr5\libgcc.a(_prologue.o)
                              c:/winavr-20100110/bin/../lib/gcc/avr/4.3.3/../../../../avr/lib/avr5\libprintf_flt.a(vfprintf_flt.o) (__prologue_saves__)
c:/winavr-20100110/bin/../lib/gcc/avr/4.3.3/avr5\libgcc.a(_epilogue.o)
                              c:/winavr-20100110/bin/../lib/gcc/avr/4.3.3/../../../../avr/lib/avr5\libprintf_flt.a(vfprintf_flt.o) (__epilogue_restores__)
c:/winavr-20100110/bin/../lib/gcc/avr/4.3.3/avr5\libgcc.a(_exit.o)
                              c:/winavr-20100110/bin/../lib/gcc/avr/4.3.3/../../../../avr/lib/avr5/crtm644p.o (exit)
c:/winavr-20100110/bin/../lib/gcc/avr/4.3.3/avr5\libgcc.a(_copy_data.o)
                              ./Libraries/USART.o (__do_copy_data)
c:/winavr-20100110/bin/../lib/gcc/avr/4.3.3/avr5\libgcc.a(_clear_bss.o)
                              ./Lab1/Lab1_ADCandWaveform.o (__do_clear_bss)
c:/winavr-20100110/bin/../lib/gcc/avr/4.3.3/avr5\libgcc.a(_udivmodhi4.o)
                              c:/winavr-20100110/bin/../lib/gcc/avr/4.3.3/avr5\libgcc.a(_divmodhi4.o) (__udivmodhi4)
c:/winavr-20100110/bin/../lib/gcc/avr/4.3.3/../../../../avr/lib/avr5\libc.a(ftoa_engine.o)
                              c:/winavr-20100110/bin/../lib/gcc/avr/4.3.3/../../../../avr/lib/avr5\libprintf_flt.a(vfprintf_flt.o) (__ftoa_engine)
c:/winavr-20100110/bin/../lib/gcc/avr/4.3.3/../../../../avr/lib/avr5\libc.a(strnlen_P.o)
                              c:/winavr-20100110/bin/../lib/gcc/avr/4.3.3/../../../../avr/lib/avr5\libprintf_flt.a(vfprintf_flt.o) (strnlen_P)
c:/winavr-20100110/bin/../lib/gcc/avr/4.3.3/../../../../avr/lib/avr5\libc.a(strnlen.o)
                              c:/winavr-20100110/bin/../lib/gcc/avr/4.3.3/../../../../avr/lib/avr5\libprintf_flt.a(vfprintf_flt.o) (strnlen)
c:/winavr-20100110/bin/../lib/gcc/avr/4.3.3/../../../../avr/lib/avr5\libc.a(fputc.o)
                              c:/winavr-20100110/bin/../lib/gcc/avr/4.3.3/../../../../avr/lib/avr5\libprintf_flt.a(vfprintf_flt.o) (fputc)
c:/winavr-20100110/bin/../lib/gcc/avr/4.3.3/../../../../avr/lib/avr5\libc.a(iob.o)
                              C:\Users\Mike\Documents\Robotics 3001\Workspace\RBELib\Release\libRBELib.a(Debug.o) (__iob)
c:/winavr-20100110/bin/../lib/gcc/avr/4.3.3/../../../../avr/lib/avr5\libc.a(printf.o)
                              ./Lab1/Lab1_ADCandWaveform.o (printf)
c:/winavr-20100110/bin/../lib/gcc/avr/4.3.3/../../../../avr/lib/avr5\libc.a(sprintf.o)
                              C:\Users\Mike\Documents\Robotics 3001\Workspace\RBELib\Release\libRBELib.a(SetServo.o) (sprintf)
c:/winavr-20100110/bin/../lib/gcc/avr/4.3.3/../../../../avr/lib/avr5\libc.a(ultoa_invert.o)
                              c:/winavr-20100110/bin/../lib/gcc/avr/4.3.3/../../../../avr/lib/avr5\libprintf_flt.a(vfprintf_flt.o) (__ultoa_invert)

Allocating common symbols
Common symbol       size              file

currentVal          0x4               ./Lab2A.o
inchar              0x1               ./Lab1/Lab1_ADCandWaveform.o
error               0x4               ./Lab2A.o
__iob               0x6               c:/winavr-20100110/bin/../lib/gcc/avr/4.3.3/../../../../avr/lib/avr5\libc.a(iob.o)

Memory Configuration

Name             Origin             Length             Attributes
text             0x00000000         0x00020000         xr
data             0x00800060         0x0000ffa0         rw !x
eeprom           0x00810000         0x00010000         rw !x
fuse             0x00820000         0x00000400         rw !x
lock             0x00830000         0x00000400         rw !x
signature        0x00840000         0x00000400         rw !x
*default*        0x00000000         0xffffffff

Linker script and memory map

Address of section .data set to 0x800100
LOAD c:/winavr-20100110/bin/../lib/gcc/avr/4.3.3/../../../../avr/lib/avr5/crtm644p.o
LOAD c:/winavr-20100110/bin/../lib/gcc/avr/4.3.3/../../../../avr/lib/avr5\libprintf_flt.a
LOAD c:/winavr-20100110/bin/../lib/gcc/avr/4.3.3/../../../../avr/lib/avr5\libm.a
LOAD ./Libraries/ADC.o
LOAD ./Libraries/DAC.o
LOAD ./Libraries/SPI.o
LOAD ./Libraries/USART.o
LOAD ./Libraries/motors.o
LOAD ./Lab1/Lab1_ADCandWaveform.o
LOAD ./Lab2A.o
LOAD ./main.o
LOAD C:\Users\Mike\Documents\Robotics 3001\Workspace\RBELib\Release\libRBELib.a
LOAD c:/winavr-20100110/bin/../lib/gcc/avr/4.3.3/../../../../avr/lib/avr5\libM.a
LOAD c:/winavr-20100110/bin/../lib/gcc/avr/4.3.3/avr5\libgcc.a
LOAD c:/winavr-20100110/bin/../lib/gcc/avr/4.3.3/../../../../avr/lib/avr5\libc.a
LOAD c:/winavr-20100110/bin/../lib/gcc/avr/4.3.3/avr5\libgcc.a

.hash
 *(.hash)

.dynsym
 *(.dynsym)

.dynstr
 *(.dynstr)

.gnu.version
 *(.gnu.version)

.gnu.version_d
 *(.gnu.version_d)

.gnu.version_r
 *(.gnu.version_r)

.rel.init
 *(.rel.init)

.rela.init
 *(.rela.init)

.rel.text
 *(.rel.text)
 *(.rel.text.*)
 *(.rel.gnu.linkonce.t*)

.rela.text
 *(.rela.text)
 *(.rela.text.*)
 *(.rela.gnu.linkonce.t*)

.rel.fini
 *(.rel.fini)

.rela.fini
 *(.rela.fini)

.rel.rodata
 *(.rel.rodata)
 *(.rel.rodata.*)
 *(.rel.gnu.linkonce.r*)

.rela.rodata
 *(.rela.rodata)
 *(.rela.rodata.*)
 *(.rela.gnu.linkonce.r*)

.rel.data
 *(.rel.data)
 *(.rel.data.*)
 *(.rel.gnu.linkonce.d*)

.rela.data
 *(.rela.data)
 *(.rela.data.*)
 *(.rela.gnu.linkonce.d*)

.rel.ctors
 *(.rel.ctors)

.rela.ctors
 *(.rela.ctors)

.rel.dtors
 *(.rel.dtors)

.rela.dtors
 *(.rela.dtors)

.rel.got
 *(.rel.got)

.rela.got
 *(.rela.got)

.rel.bss
 *(.rel.bss)

.rela.bss
 *(.rela.bss)

.rel.plt
 *(.rel.plt)

.rela.plt
 *(.rela.plt)

.text           0x00000000     0x1dc4
 *(.vectors)
 .vectors       0x00000000       0x7c c:/winavr-20100110/bin/../lib/gcc/avr/4.3.3/../../../../avr/lib/avr5/crtm644p.o
                0x00000000                __vectors
                0x00000000                __vector_default
 *(.vectors)
 *(.progmem.gcc*)
 *(.progmem*)
 .progmem.data  0x0000007c        0x8 c:/winavr-20100110/bin/../lib/gcc/avr/4.3.3/../../../../avr/lib/avr5\libprintf_flt.a(vfprintf_flt.o)
 .progmem.data  0x00000084       0xfa c:/winavr-20100110/bin/../lib/gcc/avr/4.3.3/../../../../avr/lib/avr5\libc.a(ftoa_engine.o)
                0x0000017e                . = ALIGN (0x2)
                0x0000017e                __trampolines_start = .
 *(.trampolines)
 .trampolines   0x0000017e        0x0 linker stubs
 *(.trampolines*)
                0x0000017e                __trampolines_end = .
 *(.jumptables)
 *(.jumptables*)
 *(.lowtext)
 *(.lowtext*)
                0x0000017e                __ctors_start = .
 *(.ctors)
                0x0000017e                __ctors_end = .
                0x0000017e                __dtors_start = .
 *(.dtors)
                0x0000017e                __dtors_end = .
 SORT(*)(.ctors)
 SORT(*)(.dtors)
 *(.init0)
 .init0         0x0000017e        0x0 c:/winavr-20100110/bin/../lib/gcc/avr/4.3.3/../../../../avr/lib/avr5/crtm644p.o
                0x0000017e                __init
 *(.init0)
 *(.init1)
 *(.init1)
 *(.init2)
 .init2         0x0000017e        0xc c:/winavr-20100110/bin/../lib/gcc/avr/4.3.3/../../../../avr/lib/avr5/crtm644p.o
 *(.init2)
 *(.init3)
 *(.init3)
 *(.init4)
 .init4         0x0000018a       0x16 c:/winavr-20100110/bin/../lib/gcc/avr/4.3.3/avr5\libgcc.a(_copy_data.o)
                0x0000018a                __do_copy_data
 .init4         0x000001a0       0x10 c:/winavr-20100110/bin/../lib/gcc/avr/4.3.3/avr5\libgcc.a(_clear_bss.o)
                0x000001a0                __do_clear_bss
 *(.init4)
 *(.init5)
 *(.init5)
 *(.init6)
 *(.init6)
 *(.init7)
 *(.init7)
 *(.init8)
 *(.init8)
 *(.init9)
 .init9         0x000001b0        0x8 c:/winavr-20100110/bin/../lib/gcc/avr/4.3.3/../../../../avr/lib/avr5/crtm644p.o
 *(.init9)
 *(.text)
 .text          0x000001b8        0x4 c:/winavr-20100110/bin/../lib/gcc/avr/4.3.3/../../../../avr/lib/avr5/crtm644p.o
                0x000001b8                __vector_22
                0x000001b8                __vector_28
                0x000001b8                __vector_1
                0x000001b8                __vector_24
                0x000001b8                __vector_12
                0x000001b8                __bad_interrupt
                0x000001b8                __vector_6
                0x000001b8                __vector_3
                0x000001b8                __vector_23
                0x000001b8                __vector_30
                0x000001b8                __vector_25
                0x000001b8                __vector_11
                0x000001b8                __vector_13
                0x000001b8                __vector_17
                0x000001b8                __vector_19
                0x000001b8                __vector_7
                0x000001b8                __vector_27
                0x000001b8                __vector_5
                0x000001b8                __vector_4
                0x000001b8                __vector_9
                0x000001b8                __vector_2
                0x000001b8                __vector_21
                0x000001b8                __vector_15
                0x000001b8                __vector_29
                0x000001b8                __vector_8
                0x000001b8                __vector_26
                0x000001b8                __vector_14
                0x000001b8                __vector_10
                0x000001b8                __vector_18
                0x000001b8                __vector_20
 .text          0x000001bc        0x0 c:/winavr-20100110/bin/../lib/gcc/avr/4.3.3/../../../../avr/lib/avr5\libprintf_flt.a(vfprintf_flt.o)
 .text          0x000001bc        0x0 ./Libraries/ADC.o
 .text          0x000001bc        0x0 ./Libraries/DAC.o
 .text          0x000001bc        0x0 ./Libraries/SPI.o
 .text          0x000001bc        0x0 ./Libraries/USART.o
 .text          0x000001bc        0x0 ./Libraries/motors.o
 .text          0x000001bc        0x0 ./Lab1/Lab1_ADCandWaveform.o
 .text          0x000001bc        0x0 ./Lab2A.o
 .text          0x000001bc        0x0 ./main.o
 .text          0x000001bc        0x0 C:\Users\Mike\Documents\Robotics 3001\Workspace\RBELib\Release\libRBELib.a(Debug.o)
 .text          0x000001bc        0x0 C:\Users\Mike\Documents\Robotics 3001\Workspace\RBELib\Release\libRBELib.a(SetServo.o)
 .text          0x000001bc        0x0 c:/winavr-20100110/bin/../lib/gcc/avr/4.3.3/../../../../avr/lib/avr5\libM.a(addsf3.o)
 .text          0x000001bc        0x0 c:/winavr-20100110/bin/../lib/gcc/avr/4.3.3/../../../../avr/lib/avr5\libM.a(addsf3x.o)
 .text          0x000001bc        0x0 c:/winavr-20100110/bin/../lib/gcc/avr/4.3.3/../../../../avr/lib/avr5\libM.a(cmpsf2.o)
 .text          0x000001bc        0x0 c:/winavr-20100110/bin/../lib/gcc/avr/4.3.3/../../../../avr/lib/avr5\libM.a(divsf3.o)
 .text          0x000001bc        0x0 c:/winavr-20100110/bin/../lib/gcc/avr/4.3.3/../../../../avr/lib/avr5\libM.a(divsf3x.o)
 .text          0x000001bc        0x0 c:/winavr-20100110/bin/../lib/gcc/avr/4.3.3/../../../../avr/lib/avr5\libM.a(fixsfsi.o)
 .text          0x000001bc        0x0 c:/winavr-20100110/bin/../lib/gcc/avr/4.3.3/../../../../avr/lib/avr5\libM.a(fixunssfsi.o)
 .text          0x000001bc        0x0 c:/winavr-20100110/bin/../lib/gcc/avr/4.3.3/../../../../avr/lib/avr5\libM.a(floatsisf.o)
 .text          0x000001bc        0x0 c:/winavr-20100110/bin/../lib/gcc/avr/4.3.3/../../../../avr/lib/avr5\libM.a(fp_cmp.o)
 .text          0x000001bc        0x0 c:/winavr-20100110/bin/../lib/gcc/avr/4.3.3/../../../../avr/lib/avr5\libM.a(fp_inf.o)
 .text          0x000001bc        0x0 c:/winavr-20100110/bin/../lib/gcc/avr/4.3.3/../../../../avr/lib/avr5\libM.a(fp_nan.o)
 .text          0x000001bc        0x0 c:/winavr-20100110/bin/../lib/gcc/avr/4.3.3/../../../../avr/lib/avr5\libM.a(fp_pscA.o)
 .text          0x000001bc        0x0 c:/winavr-20100110/bin/../lib/gcc/avr/4.3.3/../../../../avr/lib/avr5\libM.a(fp_pscB.o)
 .text          0x000001bc        0x0 c:/winavr-20100110/bin/../lib/gcc/avr/4.3.3/../../../../avr/lib/avr5\libM.a(fp_round.o)
 .text          0x000001bc        0x0 c:/winavr-20100110/bin/../lib/gcc/avr/4.3.3/../../../../avr/lib/avr5\libM.a(fp_split3.o)
 .text          0x000001bc        0x0 c:/winavr-20100110/bin/../lib/gcc/avr/4.3.3/../../../../avr/lib/avr5\libM.a(fp_zero.o)
 .text          0x000001bc        0x0 c:/winavr-20100110/bin/../lib/gcc/avr/4.3.3/../../../../avr/lib/avr5\libM.a(gesf2.o)
 .text          0x000001bc        0x0 c:/winavr-20100110/bin/../lib/gcc/avr/4.3.3/../../../../avr/lib/avr5\libM.a(mulsf3.o)
 .text          0x000001bc        0x0 c:/winavr-20100110/bin/../lib/gcc/avr/4.3.3/../../../../avr/lib/avr5\libM.a(mulsf3x.o)
 .text          0x000001bc        0x0 c:/winavr-20100110/bin/../lib/gcc/avr/4.3.3/avr5\libgcc.a(_divmodhi4.o)
 .text          0x000001bc        0x0 c:/winavr-20100110/bin/../lib/gcc/avr/4.3.3/avr5\libgcc.a(_udivmodsi4.o)
 .text          0x000001bc        0x0 c:/winavr-20100110/bin/../lib/gcc/avr/4.3.3/avr5\libgcc.a(_prologue.o)
 .text          0x000001bc        0x0 c:/winavr-20100110/bin/../lib/gcc/avr/4.3.3/avr5\libgcc.a(_epilogue.o)
 .text          0x000001bc        0x0 c:/winavr-20100110/bin/../lib/gcc/avr/4.3.3/avr5\libgcc.a(_exit.o)
 .text          0x000001bc        0x0 c:/winavr-20100110/bin/../lib/gcc/avr/4.3.3/avr5\libgcc.a(_copy_data.o)
 .text          0x000001bc        0x0 c:/winavr-20100110/bin/../lib/gcc/avr/4.3.3/avr5\libgcc.a(_clear_bss.o)
 .text          0x000001bc        0x0 c:/winavr-20100110/bin/../lib/gcc/avr/4.3.3/avr5\libgcc.a(_udivmodhi4.o)
 .text          0x000001bc        0x0 c:/winavr-20100110/bin/../lib/gcc/avr/4.3.3/../../../../avr/lib/avr5\libc.a(ftoa_engine.o)
 .text          0x000001bc        0x0 c:/winavr-20100110/bin/../lib/gcc/avr/4.3.3/../../../../avr/lib/avr5\libc.a(strnlen_P.o)
 .text          0x000001bc        0x0 c:/winavr-20100110/bin/../lib/gcc/avr/4.3.3/../../../../avr/lib/avr5\libc.a(strnlen.o)
 .text          0x000001bc        0x0 c:/winavr-20100110/bin/../lib/gcc/avr/4.3.3/../../../../avr/lib/avr5\libc.a(fputc.o)
 .text          0x000001bc        0x0 c:/winavr-20100110/bin/../lib/gcc/avr/4.3.3/../../../../avr/lib/avr5\libc.a(iob.o)
 .text          0x000001bc        0x0 c:/winavr-20100110/bin/../lib/gcc/avr/4.3.3/../../../../avr/lib/avr5\libc.a(printf.o)
 .text          0x000001bc        0x0 c:/winavr-20100110/bin/../lib/gcc/avr/4.3.3/../../../../avr/lib/avr5\libc.a(sprintf.o)
 .text          0x000001bc        0x0 c:/winavr-20100110/bin/../lib/gcc/avr/4.3.3/../../../../avr/lib/avr5\libc.a(ultoa_invert.o)
                0x000001bc                . = ALIGN (0x2)
 *(.text.*)
 .text.avr-libc
                0x000001bc      0x70e c:/winavr-20100110/bin/../lib/gcc/avr/4.3.3/../../../../avr/lib/avr5\libprintf_flt.a(vfprintf_flt.o)
                0x000001bc                vfprintf
 .text.initADC  0x000008ca       0x20 ./Libraries/ADC.o
                0x000008ca                initADC
 .text.getADC   0x000008ea       0x2c ./Libraries/ADC.o
                0x000008ea                getADC
 .text.adcToDegreesArm1
                0x00000916       0x36 ./Libraries/ADC.o
                0x00000916                adcToDegreesArm1
 .text.degreesToADCArm1
                0x0000094c       0x2e ./Libraries/ADC.o
                0x0000094c                degreesToADCArm1
 .text.adcToVolts
                0x0000097a       0x28 ./Libraries/ADC.o
                0x0000097a                adcToVolts
 .text.ADCtoMillamps
                0x000009a2       0x40 ./Libraries/ADC.o
                0x000009a2                ADCtoMillamps
 .text.dacToVolts
                0x000009e2       0x28 ./Libraries/DAC.o
                0x000009e2                dacToVolts
 .text.intiDAC  0x00000a0a       0x3c ./Libraries/DAC.o
                0x00000a0a                intiDAC
 .text.setDAC   0x00000a46       0x74 ./Libraries/DAC.o
                0x00000a46                setDAC
 .text.initSPI  0x00000aba       0x46 ./Libraries/SPI.o
                0x00000aba                initSPI
 .text.spiTransceive
                0x00000b00        0xc ./Libraries/SPI.o
                0x00000b00                spiTransceive
 .text.debugUSARTInit
                0x00000b0c       0x20 ./Libraries/USART.o
                0x00000b0c                debugUSARTInit
 .text.putCharDebug
                0x00000b2c       0x10 ./Libraries/USART.o
                0x00000b2c                putCharDebug
 .text.getCharDebug
                0x00000b3c        0xe ./Libraries/USART.o
                0x00000b3c                getCharDebug
 .text.driveMotor
                0x00000b4a       0x62 ./Libraries/motors.o
                0x00000b4a                driveMotor
 .text.Lab1init
                0x00000bac       0x44 ./Lab1/Lab1_ADCandWaveform.o
                0x00000bac                Lab1init
 .text.sample   0x00000bf0      0x13e ./Lab1/Lab1_ADCandWaveform.o
                0x00000bf0                sample
 .text.Lab1loop
                0x00000d2e      0x33e ./Lab1/Lab1_ADCandWaveform.o
                0x00000d2e                Lab1loop
 .text.TimerInit100Hz
                0x0000106c       0x14 ./Lab2A.o
                0x0000106c                TimerInit100Hz
 .text.__vector_16
                0x00001080       0x4c ./Lab2A.o
                0x00001080                __vector_16
 .text.showTriangleWave
                0x000010cc       0x96 ./Lab2A.o
                0x000010cc                showTriangleWave
 .text.updatePID
                0x00001162      0x164 ./Lab2A.o
                0x00001162                updatePID
 .text.Lab2ALoop
                0x000012c6      0x102 ./Lab2A.o
                0x000012c6                Lab2ALoop
 .text.Lab2AInit
                0x000013c8       0x26 ./Lab2A.o
                0x000013c8                Lab2AInit
 .text.main     0x000013ee       0x30 ./main.o
                0x000013ee                main
 .text.initRBELib
                0x0000141e       0x1a C:\Users\Mike\Documents\Robotics 3001\Workspace\RBELib\Release\libRBELib.a(Debug.o)
                0x0000141e                initRBELib
 .text.printfRBE
                0x00001438        0xa C:\Users\Mike\Documents\Robotics 3001\Workspace\RBELib\Release\libRBELib.a(Debug.o)
                0x00001438                printfRBE
 .text.initAltCom
                0x00001442       0x38 C:\Users\Mike\Documents\Robotics 3001\Workspace\RBELib\Release\libRBELib.a(SetServo.o)
                0x00001442                initAltCom
 .text.setCharDebug
                0x0000147a       0x10 C:\Users\Mike\Documents\Robotics 3001\Workspace\RBELib\Release\libRBELib.a(SetServo.o)
                0x0000147a                setCharDebug
 .text.coPrintf
                0x0000148a       0x1a C:\Users\Mike\Documents\Robotics 3001\Workspace\RBELib\Release\libRBELib.a(SetServo.o)
                0x0000148a                coPrintf
 .text.setServo
                0x000014a4       0x84 C:\Users\Mike\Documents\Robotics 3001\Workspace\RBELib\Release\libRBELib.a(SetServo.o)
                0x000014a4                setServo
 .text.avr-libc.fplib
                0x00001528        0xa c:/winavr-20100110/bin/../lib/gcc/avr/4.3.3/../../../../avr/lib/avr5\libM.a(addsf3.o)
                0x00001528                __subsf3
                0x0000152a                __addsf3
 .text.avr-libc.fplib
                0x00001532       0xc0 c:/winavr-20100110/bin/../lib/gcc/avr/4.3.3/../../../../avr/lib/avr5\libM.a(addsf3x.o)
                0x0000154c                __addsf3x
 .text.avr-libc.fplib
                0x000015f2        0x8 c:/winavr-20100110/bin/../lib/gcc/avr/4.3.3/../../../../avr/lib/avr5\libM.a(cmpsf2.o)
                0x000015f2                __lesf2
                0x000015f2                __nesf2
                0x000015f2                __eqsf2
                0x000015f2                __cmpsf2
                0x000015f2                __ltsf2
 .text.avr-libc.fplib
                0x000015fa        0x4 c:/winavr-20100110/bin/../lib/gcc/avr/4.3.3/../../../../avr/lib/avr5\libM.a(divsf3.o)
                0x000015fa                __divsf3
 .text.avr-libc.fplib
                0x000015fe       0xcc c:/winavr-20100110/bin/../lib/gcc/avr/4.3.3/../../../../avr/lib/avr5\libM.a(divsf3x.o)
                0x00001614                __divsf3x
                0x00001618                __divsf3_pse
 .text.avr-libc.fplib
                0x000016ca        0xa c:/winavr-20100110/bin/../lib/gcc/avr/4.3.3/../../../../avr/lib/avr5\libM.a(fixsfsi.o)
                0x000016ca                __fixsfsi
 .text.avr-libc.fplib
                0x000016d4       0x58 c:/winavr-20100110/bin/../lib/gcc/avr/4.3.3/../../../../avr/lib/avr5\libM.a(fixunssfsi.o)
                0x000016d4                __fixunssfsi
 .text.avr-libc.fplib
                0x0000172c       0x7a c:/winavr-20100110/bin/../lib/gcc/avr/4.3.3/../../../../avr/lib/avr5\libM.a(floatsisf.o)
                0x00001730                __floatsisf
                0x0000172c                __floatunsisf
 .text.avr-libc.fplib
                0x000017a6       0x48 c:/winavr-20100110/bin/../lib/gcc/avr/4.3.3/../../../../avr/lib/avr5\libM.a(fp_cmp.o)
                0x000017a6                __fp_cmp
 .text.avr-libc.fplib
                0x000017ee        0xc c:/winavr-20100110/bin/../lib/gcc/avr/4.3.3/../../../../avr/lib/avr5\libM.a(fp_inf.o)
                0x000017ee                __fp_inf
 .text.avr-libc.fplib
                0x000017fa        0x6 c:/winavr-20100110/bin/../lib/gcc/avr/4.3.3/../../../../avr/lib/avr5\libM.a(fp_nan.o)
                0x000017fa                __fp_nan
 .text.avr-libc.fplib
                0x00001800        0xe c:/winavr-20100110/bin/../lib/gcc/avr/4.3.3/../../../../avr/lib/avr5\libM.a(fp_pscA.o)
                0x00001800                __fp_pscA
 .text.avr-libc.fplib
                0x0000180e        0xe c:/winavr-20100110/bin/../lib/gcc/avr/4.3.3/../../../../avr/lib/avr5\libM.a(fp_pscB.o)
                0x0000180e                __fp_pscB
 .text.avr-libc.fplib
                0x0000181c       0x22 c:/winavr-20100110/bin/../lib/gcc/avr/4.3.3/../../../../avr/lib/avr5\libM.a(fp_round.o)
                0x0000181c                __fp_round
 .text.avr-libc.fplib
                0x0000183e       0x44 c:/winavr-20100110/bin/../lib/gcc/avr/4.3.3/../../../../avr/lib/avr5\libM.a(fp_split3.o)
                0x0000183e                __fp_split3
                0x0000184e                __fp_splitA
 .text.avr-libc.fplib
                0x00001882        0xe c:/winavr-20100110/bin/../lib/gcc/avr/4.3.3/../../../../avr/lib/avr5\libM.a(fp_zero.o)
                0x00001882                __fp_zero
                0x00001884                __fp_szero
 .text.avr-libc.fplib
                0x00001890        0x8 c:/winavr-20100110/bin/../lib/gcc/avr/4.3.3/../../../../avr/lib/avr5\libM.a(gesf2.o)
                0x00001890                __gtsf2
                0x00001890                __gesf2
 .text.avr-libc.fplib
                0x00001898        0x4 c:/winavr-20100110/bin/../lib/gcc/avr/4.3.3/../../../../avr/lib/avr5\libM.a(mulsf3.o)
                0x00001898                __mulsf3
 .text.avr-libc.fplib
                0x0000189c       0xc2 c:/winavr-20100110/bin/../lib/gcc/avr/4.3.3/../../../../avr/lib/avr5\libM.a(mulsf3x.o)
                0x000018b4                __mulsf3_pse
                0x000018b0                __mulsf3x
 .text.libgcc   0x0000195e       0x26 c:/winavr-20100110/bin/../lib/gcc/avr/4.3.3/avr5\libgcc.a(_divmodhi4.o)
                0x0000195e                __divmodhi4
                0x0000195e                _div
 .text.libgcc   0x00001984       0x44 c:/winavr-20100110/bin/../lib/gcc/avr/4.3.3/avr5\libgcc.a(_udivmodsi4.o)
                0x00001984                __udivmodsi4
 .text.libgcc   0x000019c8       0x38 c:/winavr-20100110/bin/../lib/gcc/avr/4.3.3/avr5\libgcc.a(_prologue.o)
                0x000019c8                __prologue_saves__
 .text.libgcc   0x00001a00       0x36 c:/winavr-20100110/bin/../lib/gcc/avr/4.3.3/avr5\libgcc.a(_epilogue.o)
                0x00001a00                __epilogue_restores__
 .text.libgcc   0x00001a36        0x0 c:/winavr-20100110/bin/../lib/gcc/avr/4.3.3/avr5\libgcc.a(_exit.o)
 .text.libgcc   0x00001a36        0x0 c:/winavr-20100110/bin/../lib/gcc/avr/4.3.3/avr5\libgcc.a(_copy_data.o)
 .text.libgcc   0x00001a36        0x0 c:/winavr-20100110/bin/../lib/gcc/avr/4.3.3/avr5\libgcc.a(_clear_bss.o)
 .text.libgcc   0x00001a36       0x28 c:/winavr-20100110/bin/../lib/gcc/avr/4.3.3/avr5\libgcc.a(_udivmodhi4.o)
                0x00001a36                __udivmodhi4
 .text.avr-libc
                0x00001a5e      0x1b0 c:/winavr-20100110/bin/../lib/gcc/avr/4.3.3/../../../../avr/lib/avr5\libc.a(ftoa_engine.o)
                0x00001a5e                __ftoa_engine
 .text.avr-libc
                0x00001c0e       0x16 c:/winavr-20100110/bin/../lib/gcc/avr/4.3.3/../../../../avr/lib/avr5\libc.a(strnlen_P.o)
                0x00001c0e                strnlen_P
 .text.avr-libc
                0x00001c24       0x16 c:/winavr-20100110/bin/../lib/gcc/avr/4.3.3/../../../../avr/lib/avr5\libc.a(strnlen.o)
                0x00001c24                strnlen
 .text.avr-libc
                0x00001c3a       0x58 c:/winavr-20100110/bin/../lib/gcc/avr/4.3.3/../../../../avr/lib/avr5\libc.a(fputc.o)
                0x00001c3a                fputc
 .text.avr-libc
                0x00001c92       0x2a c:/winavr-20100110/bin/../lib/gcc/avr/4.3.3/../../../../avr/lib/avr5\libc.a(printf.o)
                0x00001c92                printf
 .text.avr-libc
                0x00001cbc       0x48 c:/winavr-20100110/bin/../lib/gcc/avr/4.3.3/../../../../avr/lib/avr5\libc.a(sprintf.o)
                0x00001cbc                sprintf
 .text.avr-libc
                0x00001d04       0xbc c:/winavr-20100110/bin/../lib/gcc/avr/4.3.3/../../../../avr/lib/avr5\libc.a(ultoa_invert.o)
                0x00001d04                __ultoa_invert
                0x00001dc0                . = ALIGN (0x2)
 *(.fini9)
 .fini9         0x00001dc0        0x0 c:/winavr-20100110/bin/../lib/gcc/avr/4.3.3/avr5\libgcc.a(_exit.o)
                0x00001dc0                exit
                0x00001dc0                _exit
 *(.fini9)
 *(.fini8)
 *(.fini8)
 *(.fini7)
 *(.fini7)
 *(.fini6)
 *(.fini6)
 *(.fini5)
 *(.fini5)
 *(.fini4)
 *(.fini4)
 *(.fini3)
 *(.fini3)
 *(.fini2)
 *(.fini2)
 *(.fini1)
 *(.fini1)
 *(.fini0)
 .fini0         0x00001dc0        0x4 c:/winavr-20100110/bin/../lib/gcc/avr/4.3.3/avr5\libgcc.a(_exit.o)
 *(.fini0)
                0x00001dc4                _etext = .

.data           0x00800100       0xb4 load address 0x00001dc4
                0x00800100                PROVIDE (__data_start, .)
 *(.data)
 .data          0x00800100        0x0 c:/winavr-20100110/bin/../lib/gcc/avr/4.3.3/../../../../avr/lib/avr5/crtm644p.o
 .data          0x00800100        0x0 c:/winavr-20100110/bin/../lib/gcc/avr/4.3.3/../../../../avr/lib/avr5\libprintf_flt.a(vfprintf_flt.o)
 .data          0x00800100        0x0 ./Libraries/ADC.o
 .data          0x00800100        0x0 ./Libraries/DAC.o
 .data          0x00800100        0x0 ./Libraries/SPI.o
 .data          0x00800100        0x0 ./Libraries/USART.o
 .data          0x00800100        0x0 ./Libraries/motors.o
 .data          0x00800100       0x17 ./Lab1/Lab1_ADCandWaveform.o
 .data          0x00800117       0x53 ./Lab2A.o
 .data          0x0080016a        0xb ./main.o
 .data          0x00800175        0x0 C:\Users\Mike\Documents\Robotics 3001\Workspace\RBELib\Release\libRBELib.a(Debug.o)
 .data          0x00800175       0x14 C:\Users\Mike\Documents\Robotics 3001\Workspace\RBELib\Release\libRBELib.a(SetServo.o)
 .data          0x00800189        0x0 c:/winavr-20100110/bin/../lib/gcc/avr/4.3.3/../../../../avr/lib/avr5\libM.a(addsf3.o)
 .data          0x00800189        0x0 c:/winavr-20100110/bin/../lib/gcc/avr/4.3.3/../../../../avr/lib/avr5\libM.a(addsf3x.o)
 .data          0x00800189        0x0 c:/winavr-20100110/bin/../lib/gcc/avr/4.3.3/../../../../avr/lib/avr5\libM.a(cmpsf2.o)
 .data          0x00800189        0x0 c:/winavr-20100110/bin/../lib/gcc/avr/4.3.3/../../../../avr/lib/avr5\libM.a(divsf3.o)
 .data          0x00800189        0x0 c:/winavr-20100110/bin/../lib/gcc/avr/4.3.3/../../../../avr/lib/avr5\libM.a(divsf3x.o)
 .data          0x00800189        0x0 c:/winavr-20100110/bin/../lib/gcc/avr/4.3.3/../../../../avr/lib/avr5\libM.a(fixsfsi.o)
 .data          0x00800189        0x0 c:/winavr-20100110/bin/../lib/gcc/avr/4.3.3/../../../../avr/lib/avr5\libM.a(fixunssfsi.o)
 .data          0x00800189        0x0 c:/winavr-20100110/bin/../lib/gcc/avr/4.3.3/../../../../avr/lib/avr5\libM.a(floatsisf.o)
 .data          0x00800189        0x0 c:/winavr-20100110/bin/../lib/gcc/avr/4.3.3/../../../../avr/lib/avr5\libM.a(fp_cmp.o)
 .data          0x00800189        0x0 c:/winavr-20100110/bin/../lib/gcc/avr/4.3.3/../../../../avr/lib/avr5\libM.a(fp_inf.o)
 .data          0x00800189        0x0 c:/winavr-20100110/bin/../lib/gcc/avr/4.3.3/../../../../avr/lib/avr5\libM.a(fp_nan.o)
 .data          0x00800189        0x0 c:/winavr-20100110/bin/../lib/gcc/avr/4.3.3/../../../../avr/lib/avr5\libM.a(fp_pscA.o)
 .data          0x00800189        0x0 c:/winavr-20100110/bin/../lib/gcc/avr/4.3.3/../../../../avr/lib/avr5\libM.a(fp_pscB.o)
 .data          0x00800189        0x0 c:/winavr-20100110/bin/../lib/gcc/avr/4.3.3/../../../../avr/lib/avr5\libM.a(fp_round.o)
 .data          0x00800189        0x0 c:/winavr-20100110/bin/../lib/gcc/avr/4.3.3/../../../../avr/lib/avr5\libM.a(fp_split3.o)
 .data          0x00800189        0x0 c:/winavr-20100110/bin/../lib/gcc/avr/4.3.3/../../../../avr/lib/avr5\libM.a(fp_zero.o)
 .data          0x00800189        0x0 c:/winavr-20100110/bin/../lib/gcc/avr/4.3.3/../../../../avr/lib/avr5\libM.a(gesf2.o)
 .data          0x00800189        0x0 c:/winavr-20100110/bin/../lib/gcc/avr/4.3.3/../../../../avr/lib/avr5\libM.a(mulsf3.o)
 .data          0x00800189        0x0 c:/winavr-20100110/bin/../lib/gcc/avr/4.3.3/../../../../avr/lib/avr5\libM.a(mulsf3x.o)
 .data          0x00800189        0x0 c:/winavr-20100110/bin/../lib/gcc/avr/4.3.3/avr5\libgcc.a(_divmodhi4.o)
 .data          0x00800189        0x0 c:/winavr-20100110/bin/../lib/gcc/avr/4.3.3/avr5\libgcc.a(_udivmodsi4.o)
 .data          0x00800189        0x0 c:/winavr-20100110/bin/../lib/gcc/avr/4.3.3/avr5\libgcc.a(_prologue.o)
 .data          0x00800189        0x0 c:/winavr-20100110/bin/../lib/gcc/avr/4.3.3/avr5\libgcc.a(_epilogue.o)
 .data          0x00800189        0x0 c:/winavr-20100110/bin/../lib/gcc/avr/4.3.3/avr5\libgcc.a(_exit.o)
 .data          0x00800189        0x0 c:/winavr-20100110/bin/../lib/gcc/avr/4.3.3/avr5\libgcc.a(_copy_data.o)
 .data          0x00800189        0x0 c:/winavr-20100110/bin/../lib/gcc/avr/4.3.3/avr5\libgcc.a(_clear_bss.o)
 .data          0x00800189        0x0 c:/winavr-20100110/bin/../lib/gcc/avr/4.3.3/avr5\libgcc.a(_udivmodhi4.o)
 .data          0x00800189        0x0 c:/winavr-20100110/bin/../lib/gcc/avr/4.3.3/../../../../avr/lib/avr5\libc.a(ftoa_engine.o)
 .data          0x00800189        0x0 c:/winavr-20100110/bin/../lib/gcc/avr/4.3.3/../../../../avr/lib/avr5\libc.a(strnlen_P.o)
 .data          0x00800189        0x0 c:/winavr-20100110/bin/../lib/gcc/avr/4.3.3/../../../../avr/lib/avr5\libc.a(strnlen.o)
 .data          0x00800189        0x0 c:/winavr-20100110/bin/../lib/gcc/avr/4.3.3/../../../../avr/lib/avr5\libc.a(fputc.o)
 .data          0x00800189        0x0 c:/winavr-20100110/bin/../lib/gcc/avr/4.3.3/../../../../avr/lib/avr5\libc.a(iob.o)
 .data          0x00800189        0x0 c:/winavr-20100110/bin/../lib/gcc/avr/4.3.3/../../../../avr/lib/avr5\libc.a(printf.o)
 .data          0x00800189        0x0 c:/winavr-20100110/bin/../lib/gcc/avr/4.3.3/../../../../avr/lib/avr5\libc.a(sprintf.o)
 .data          0x00800189        0x0 c:/winavr-20100110/bin/../lib/gcc/avr/4.3.3/../../../../avr/lib/avr5\libc.a(ultoa_invert.o)
 *(.data*)
 .data.freqOSC  0x00800189        0x4 ./Libraries/USART.o
                0x00800189                freqOSC
 .data.highADC  0x0080018d        0x2 ./Lab1/Lab1_ADCandWaveform.o
                0x0080018d                highADC
 .data.tempValConversion
                0x0080018f        0x2 ./Lab1/Lab1_ADCandWaveform.o
                0x0080018f                tempValConversion
 .data.compareCounter
                0x00800191        0x2 ./Lab1/Lab1_ADCandWaveform.o
                0x00800191                compareCounter
 .data.dutyCycle
                0x00800193        0x4 ./Lab1/Lab1_ADCandWaveform.o
                0x00800193                dutyCycle
 .data.getChar  0x00800197        0x1 ./Lab1/Lab1_ADCandWaveform.o
                0x00800197                getChar
 .data.DAC1Val  0x00800198        0x2 ./Lab2A.o
                0x00800198                DAC1Val
 .data.direction
                0x0080019a        0x2 ./Lab2A.o
                0x0080019a                direction
 .data.Kp       0x0080019c        0x4 ./Lab2A.o
                0x0080019c                Kp
 .data.DACValue
                0x008001a0        0x2 ./Lab2A.o
                0x008001a0                DACValue
 .data.oldVal   0x008001a2        0x4 ./Lab2A.o
                0x008001a2                oldVal
 .data.RBEOut   0x008001a6        0xe C:\Users\Mike\Documents\Robotics 3001\Workspace\RBELib\Release\libRBELib.a(Debug.o)
 *(.rodata)
 *(.rodata*)
 *(.gnu.linkonce.d*)
                0x008001b4                . = ALIGN (0x2)
                0x008001b4                _edata = .
                0x008001b4                PROVIDE (__data_end, .)

.bss            0x008001b4       0x45
                0x008001b4                PROVIDE (__bss_start, .)
 *(.bss)
 .bss           0x008001b4        0x0 c:/winavr-20100110/bin/../lib/gcc/avr/4.3.3/../../../../avr/lib/avr5/crtm644p.o
 .bss           0x008001b4        0x0 c:/winavr-20100110/bin/../lib/gcc/avr/4.3.3/../../../../avr/lib/avr5\libprintf_flt.a(vfprintf_flt.o)
 .bss           0x008001b4        0x0 ./Libraries/ADC.o
 .bss           0x008001b4        0x0 ./Libraries/DAC.o
 .bss           0x008001b4        0x0 ./Libraries/SPI.o
 .bss           0x008001b4        0x0 ./Libraries/USART.o
 .bss           0x008001b4        0x0 ./Libraries/motors.o
 .bss           0x008001b4        0x0 ./Lab1/Lab1_ADCandWaveform.o
 .bss           0x008001b4        0x0 ./Lab2A.o
 .bss           0x008001b4        0x0 ./main.o
 .bss           0x008001b4        0x0 C:\Users\Mike\Documents\Robotics 3001\Workspace\RBELib\Release\libRBELib.a(Debug.o)
 .bss           0x008001b4        0x0 C:\Users\Mike\Documents\Robotics 3001\Workspace\RBELib\Release\libRBELib.a(SetServo.o)
 .bss           0x008001b4        0x0 c:/winavr-20100110/bin/../lib/gcc/avr/4.3.3/../../../../avr/lib/avr5\libM.a(addsf3.o)
 .bss           0x008001b4        0x0 c:/winavr-20100110/bin/../lib/gcc/avr/4.3.3/../../../../avr/lib/avr5\libM.a(addsf3x.o)
 .bss           0x008001b4        0x0 c:/winavr-20100110/bin/../lib/gcc/avr/4.3.3/../../../../avr/lib/avr5\libM.a(cmpsf2.o)
 .bss           0x008001b4        0x0 c:/winavr-20100110/bin/../lib/gcc/avr/4.3.3/../../../../avr/lib/avr5\libM.a(divsf3.o)
 .bss           0x008001b4        0x0 c:/winavr-20100110/bin/../lib/gcc/avr/4.3.3/../../../../avr/lib/avr5\libM.a(divsf3x.o)
 .bss           0x008001b4        0x0 c:/winavr-20100110/bin/../lib/gcc/avr/4.3.3/../../../../avr/lib/avr5\libM.a(fixsfsi.o)
 .bss           0x008001b4        0x0 c:/winavr-20100110/bin/../lib/gcc/avr/4.3.3/../../../../avr/lib/avr5\libM.a(fixunssfsi.o)
 .bss           0x008001b4        0x0 c:/winavr-20100110/bin/../lib/gcc/avr/4.3.3/../../../../avr/lib/avr5\libM.a(floatsisf.o)
 .bss           0x008001b4        0x0 c:/winavr-20100110/bin/../lib/gcc/avr/4.3.3/../../../../avr/lib/avr5\libM.a(fp_cmp.o)
 .bss           0x008001b4        0x0 c:/winavr-20100110/bin/../lib/gcc/avr/4.3.3/../../../../avr/lib/avr5\libM.a(fp_inf.o)
 .bss           0x008001b4        0x0 c:/winavr-20100110/bin/../lib/gcc/avr/4.3.3/../../../../avr/lib/avr5\libM.a(fp_nan.o)
 .bss           0x008001b4        0x0 c:/winavr-20100110/bin/../lib/gcc/avr/4.3.3/../../../../avr/lib/avr5\libM.a(fp_pscA.o)
 .bss           0x008001b4        0x0 c:/winavr-20100110/bin/../lib/gcc/avr/4.3.3/../../../../avr/lib/avr5\libM.a(fp_pscB.o)
 .bss           0x008001b4        0x0 c:/winavr-20100110/bin/../lib/gcc/avr/4.3.3/../../../../avr/lib/avr5\libM.a(fp_round.o)
 .bss           0x008001b4        0x0 c:/winavr-20100110/bin/../lib/gcc/avr/4.3.3/../../../../avr/lib/avr5\libM.a(fp_split3.o)
 .bss           0x008001b4        0x0 c:/winavr-20100110/bin/../lib/gcc/avr/4.3.3/../../../../avr/lib/avr5\libM.a(fp_zero.o)
 .bss           0x008001b4        0x0 c:/winavr-20100110/bin/../lib/gcc/avr/4.3.3/../../../../avr/lib/avr5\libM.a(gesf2.o)
 .bss           0x008001b4        0x0 c:/winavr-20100110/bin/../lib/gcc/avr/4.3.3/../../../../avr/lib/avr5\libM.a(mulsf3.o)
 .bss           0x008001b4        0x0 c:/winavr-20100110/bin/../lib/gcc/avr/4.3.3/../../../../avr/lib/avr5\libM.a(mulsf3x.o)
 .bss           0x008001b4        0x0 c:/winavr-20100110/bin/../lib/gcc/avr/4.3.3/avr5\libgcc.a(_divmodhi4.o)
 .bss           0x008001b4        0x0 c:/winavr-20100110/bin/../lib/gcc/avr/4.3.3/avr5\libgcc.a(_udivmodsi4.o)
 .bss           0x008001b4        0x0 c:/winavr-20100110/bin/../lib/gcc/avr/4.3.3/avr5\libgcc.a(_prologue.o)
 .bss           0x008001b4        0x0 c:/winavr-20100110/bin/../lib/gcc/avr/4.3.3/avr5\libgcc.a(_epilogue.o)
 .bss           0x008001b4        0x0 c:/winavr-20100110/bin/../lib/gcc/avr/4.3.3/avr5\libgcc.a(_exit.o)
 .bss           0x008001b4        0x0 c:/winavr-20100110/bin/../lib/gcc/avr/4.3.3/avr5\libgcc.a(_copy_data.o)
 .bss           0x008001b4        0x0 c:/winavr-20100110/bin/../lib/gcc/avr/4.3.3/avr5\libgcc.a(_clear_bss.o)
 .bss           0x008001b4        0x0 c:/winavr-20100110/bin/../lib/gcc/avr/4.3.3/avr5\libgcc.a(_udivmodhi4.o)
 .bss           0x008001b4        0x0 c:/winavr-20100110/bin/../lib/gcc/avr/4.3.3/../../../../avr/lib/avr5\libc.a(ftoa_engine.o)
 .bss           0x008001b4        0x0 c:/winavr-20100110/bin/../lib/gcc/avr/4.3.3/../../../../avr/lib/avr5\libc.a(strnlen_P.o)
 .bss           0x008001b4        0x0 c:/winavr-20100110/bin/../lib/gcc/avr/4.3.3/../../../../avr/lib/avr5\libc.a(strnlen.o)
 .bss           0x008001b4        0x0 c:/winavr-20100110/bin/../lib/gcc/avr/4.3.3/../../../../avr/lib/avr5\libc.a(fputc.o)
 .bss           0x008001b4        0x0 c:/winavr-20100110/bin/../lib/gcc/avr/4.3.3/../../../../avr/lib/avr5\libc.a(iob.o)
 .bss           0x008001b4        0x0 c:/winavr-20100110/bin/../lib/gcc/avr/4.3.3/../../../../avr/lib/avr5\libc.a(printf.o)
 .bss           0x008001b4        0x0 c:/winavr-20100110/bin/../lib/gcc/avr/4.3.3/../../../../avr/lib/avr5\libc.a(sprintf.o)
 .bss           0x008001b4        0x0 c:/winavr-20100110/bin/../lib/gcc/avr/4.3.3/../../../../avr/lib/avr5\libc.a(ultoa_invert.o)
 *(.bss*)
 .bss.lowADC    0x008001b4        0x2 ./Lab1/Lab1_ADCandWaveform.o
                0x008001b4                lowADC
 .bss.outputState
                0x008001b6        0x2 ./Lab1/Lab1_ADCandWaveform.o
                0x008001b6                outputState
 .bss.ADCCount  0x008001b8        0x2 ./Lab1/Lab1_ADCandWaveform.o
                0x008001b8                ADCCount
 .bss.timerCount
                0x008001ba        0x2 ./Lab1/Lab1_ADCandWaveform.o
                0x008001ba                timerCount
 .bss.freq      0x008001bc        0x2 ./Lab1/Lab1_ADCandWaveform.o
                0x008001bc                freq
 .bss.state     0x008001be        0x2 ./Lab1/Lab1_ADCandWaveform.o
                0x008001be                state
 .bss.totalTest
                0x008001c0        0x2 ./Lab1/Lab1_ADCandWaveform.o
                0x008001c0                totalTest
 .bss.freqSet   0x008001c2        0x1 ./Lab1/Lab1_ADCandWaveform.o
                0x008001c2                freqSet
 .bss.printVal  0x008001c3        0x1 ./Lab1/Lab1_ADCandWaveform.o
                0x008001c3                printVal
 .bss.DAC0Val   0x008001c4        0x2 ./Lab2A.o
                0x008001c4                DAC0Val
 .bss.hzFlag    0x008001c6        0x2 ./Lab2A.o
                0x008001c6                hzFlag
 .bss.counter   0x008001c8        0x2 ./Lab2A.o
                0x008001c8                counter
 .bss.integrationSumShoulder
                0x008001ca        0x4 ./Lab2A.o
                0x008001ca                integrationSumShoulder
 .bss.integrationSumElbow
                0x008001ce        0x4 ./Lab2A.o
                0x008001ce                integrationSumElbow
 .bss.Ki        0x008001d2        0x4 ./Lab2A.o
                0x008001d2                Ki
 .bss.Kd        0x008001d6        0x4 ./Lab2A.o
                0x008001d6                Kd
 .bss.lastPIDOutputShoulder
                0x008001da        0x2 ./Lab2A.o
                0x008001da                lastPIDOutputShoulder
 .bss.lastPIDOutputElbow
                0x008001dc        0x2 ./Lab2A.o
                0x008001dc                lastPIDOutputElbow
 .bss.timer     0x008001de        0x2 ./Lab2A.o
                0x008001de                timer
 .bss.ADCValue  0x008001e0        0x2 ./Lab2A.o
                0x008001e0                ADCValue
 .bss.desiredValue
                0x008001e2        0x2 ./Lab2A.o
                0x008001e2                desiredValue
 .bss.counter2  0x008001e4        0x2 ./Lab2A.o
                0x008001e4                counter2
 .bss.degreesAAA
                0x008001e6        0x4 ./Lab2A.o
                0x008001e6                degreesAAA
 *(COMMON)
 COMMON         0x008001ea        0x1 ./Lab1/Lab1_ADCandWaveform.o
                0x008001ea                inchar
 COMMON         0x008001eb        0x8 ./Lab2A.o
                0x008001eb                currentVal
                0x008001ef                error
 COMMON         0x008001f3        0x6 c:/winavr-20100110/bin/../lib/gcc/avr/4.3.3/../../../../avr/lib/avr5\libc.a(iob.o)
                0x008001f3                __iob
                0x008001f9                PROVIDE (__bss_end, .)
                0x00001dc4                __data_load_start = LOADADDR (.data)
                0x00001e78                __data_load_end = (__data_load_start + SIZEOF (.data))

.noinit         0x008001f9        0x0
                0x008001f9                PROVIDE (__noinit_start, .)
 *(.noinit*)
                0x008001f9                PROVIDE (__noinit_end, .)
                0x008001f9                _end = .
                0x008001f9                PROVIDE (__heap_start, .)

.eeprom         0x00810000        0x0
 *(.eeprom*)
                0x00810000                __eeprom_end = .

.fuse
 *(.fuse)
 *(.lfuse)
 *(.hfuse)
 *(.efuse)

.lock
 *(.lock*)

.signature
 *(.signature*)

.stab
 *(.stab)

.stabstr
 *(.stabstr)

.stab.excl
 *(.stab.excl)

.stab.exclstr
 *(.stab.exclstr)

.stab.index
 *(.stab.index)

.stab.indexstr
 *(.stab.indexstr)

.comment
 *(.comment)

.debug
 *(.debug)

.line
 *(.line)

.debug_srcinfo
 *(.debug_srcinfo)

.debug_sfnames
 *(.debug_sfnames)

.debug_aranges
 *(.debug_aranges)

.debug_pubnames
 *(.debug_pubnames)

.debug_info
 *(.debug_info)
 *(.gnu.linkonce.wi.*)

.debug_abbrev
 *(.debug_abbrev)

.debug_line
 *(.debug_line)

.debug_frame
 *(.debug_frame)

.debug_str
 *(.debug_str)

.debug_loc
 *(.debug_loc)

.debug_macinfo
 *(.debug_macinfo)
OUTPUT(RBE3001_Group.elf elf32-avr)
LOAD linker stubs
