Archive member included because of file (symbol)

c:/winavr-20100110/bin/../lib/gcc/avr/4.3.3/../../../../avr/lib/avr5\libprintf_flt.a(vfprintf_flt.o)
                              (vfprintf)
C:\Users\djcupo\git\rbelib\RBELib\Release\libRBELib.a(Debug.o)
                              ./main.o (initRBELib)
C:\Users\djcupo\git\rbelib\RBELib\Release\libRBELib.a(SetServo.o)
                              C:\Users\djcupo\git\rbelib\RBELib\Release\libRBELib.a(Debug.o) (initAltCom)
c:/winavr-20100110/bin/../lib/gcc/avr/4.3.3/../../../../avr/lib/avr5\libM.a(acos.o)
                              ./Libraries/kinematics.o (acos)
c:/winavr-20100110/bin/../lib/gcc/avr/4.3.3/../../../../avr/lib/avr5\libM.a(addsf3.o)
                              ./Libraries/ADC.o (__subsf3)
c:/winavr-20100110/bin/../lib/gcc/avr/4.3.3/../../../../avr/lib/avr5\libM.a(addsf3x.o)
                              c:/winavr-20100110/bin/../lib/gcc/avr/4.3.3/../../../../avr/lib/avr5\libM.a(acos.o) (__addsf3x)
c:/winavr-20100110/bin/../lib/gcc/avr/4.3.3/../../../../avr/lib/avr5\libM.a(atan2.o)
                              ./Libraries/kinematics.o (atan2)
c:/winavr-20100110/bin/../lib/gcc/avr/4.3.3/../../../../avr/lib/avr5\libM.a(atan.o)
                              c:/winavr-20100110/bin/../lib/gcc/avr/4.3.3/../../../../avr/lib/avr5\libM.a(atan2.o) (atan)
c:/winavr-20100110/bin/../lib/gcc/avr/4.3.3/../../../../avr/lib/avr5\libM.a(cmpsf2.o)
                              ./Libraries/kinematics.o (__ltsf2)
c:/winavr-20100110/bin/../lib/gcc/avr/4.3.3/../../../../avr/lib/avr5\libM.a(cos.o)
                              ./Libraries/kinematics.o (cos)
c:/winavr-20100110/bin/../lib/gcc/avr/4.3.3/../../../../avr/lib/avr5\libM.a(divsf3.o)
                              ./Libraries/ADC.o (__divsf3)
c:/winavr-20100110/bin/../lib/gcc/avr/4.3.3/../../../../avr/lib/avr5\libM.a(divsf3x.o)
                              c:/winavr-20100110/bin/../lib/gcc/avr/4.3.3/../../../../avr/lib/avr5\libM.a(divsf3.o) (__divsf3x)
c:/winavr-20100110/bin/../lib/gcc/avr/4.3.3/../../../../avr/lib/avr5\libM.a(fixsfsi.o)
                              ./Libraries/ADC.o (__fixsfsi)
c:/winavr-20100110/bin/../lib/gcc/avr/4.3.3/../../../../avr/lib/avr5\libM.a(fixunssfsi.o)
                              c:/winavr-20100110/bin/../lib/gcc/avr/4.3.3/../../../../avr/lib/avr5\libM.a(fixsfsi.o) (__fixunssfsi)
c:/winavr-20100110/bin/../lib/gcc/avr/4.3.3/../../../../avr/lib/avr5\libM.a(floatsisf.o)
                              ./Libraries/ADC.o (__floatsisf)
c:/winavr-20100110/bin/../lib/gcc/avr/4.3.3/../../../../avr/lib/avr5\libM.a(fp_arccos.o)
                              c:/winavr-20100110/bin/../lib/gcc/avr/4.3.3/../../../../avr/lib/avr5\libM.a(acos.o) (__fp_arccos)
c:/winavr-20100110/bin/../lib/gcc/avr/4.3.3/../../../../avr/lib/avr5\libM.a(fp_cmp.o)
                              c:/winavr-20100110/bin/../lib/gcc/avr/4.3.3/../../../../avr/lib/avr5\libM.a(cmpsf2.o) (__fp_cmp)
c:/winavr-20100110/bin/../lib/gcc/avr/4.3.3/../../../../avr/lib/avr5\libM.a(fp_inf.o)
                              c:/winavr-20100110/bin/../lib/gcc/avr/4.3.3/../../../../avr/lib/avr5\libM.a(addsf3x.o) (__fp_inf)
c:/winavr-20100110/bin/../lib/gcc/avr/4.3.3/../../../../avr/lib/avr5\libM.a(fp_nan.o)
                              c:/winavr-20100110/bin/../lib/gcc/avr/4.3.3/../../../../avr/lib/avr5\libM.a(addsf3x.o) (__fp_nan)
c:/winavr-20100110/bin/../lib/gcc/avr/4.3.3/../../../../avr/lib/avr5\libM.a(fp_powser.o)
                              c:/winavr-20100110/bin/../lib/gcc/avr/4.3.3/../../../../avr/lib/avr5\libM.a(atan.o) (__fp_powser)
c:/winavr-20100110/bin/../lib/gcc/avr/4.3.3/../../../../avr/lib/avr5\libM.a(fp_pscA.o)
                              c:/winavr-20100110/bin/../lib/gcc/avr/4.3.3/../../../../avr/lib/avr5\libM.a(addsf3x.o) (__fp_pscA)
c:/winavr-20100110/bin/../lib/gcc/avr/4.3.3/../../../../avr/lib/avr5\libM.a(fp_pscB.o)
                              c:/winavr-20100110/bin/../lib/gcc/avr/4.3.3/../../../../avr/lib/avr5\libM.a(addsf3x.o) (__fp_pscB)
c:/winavr-20100110/bin/../lib/gcc/avr/4.3.3/../../../../avr/lib/avr5\libM.a(fp_rempio2.o)
                              c:/winavr-20100110/bin/../lib/gcc/avr/4.3.3/../../../../avr/lib/avr5\libM.a(cos.o) (__fp_rempio2)
c:/winavr-20100110/bin/../lib/gcc/avr/4.3.3/../../../../avr/lib/avr5\libM.a(fp_round.o)
                              c:/winavr-20100110/bin/../lib/gcc/avr/4.3.3/../../../../avr/lib/avr5\libM.a(acos.o) (__fp_round)
c:/winavr-20100110/bin/../lib/gcc/avr/4.3.3/../../../../avr/lib/avr5\libM.a(fp_sinus.o)
                              c:/winavr-20100110/bin/../lib/gcc/avr/4.3.3/../../../../avr/lib/avr5\libM.a(cos.o) (__fp_sinus)
c:/winavr-20100110/bin/../lib/gcc/avr/4.3.3/../../../../avr/lib/avr5\libM.a(fp_split3.o)
                              c:/winavr-20100110/bin/../lib/gcc/avr/4.3.3/../../../../avr/lib/avr5\libM.a(addsf3x.o) (__fp_split3)
c:/winavr-20100110/bin/../lib/gcc/avr/4.3.3/../../../../avr/lib/avr5\libM.a(fp_zero.o)
                              c:/winavr-20100110/bin/../lib/gcc/avr/4.3.3/../../../../avr/lib/avr5\libM.a(addsf3x.o) (__fp_zero)
c:/winavr-20100110/bin/../lib/gcc/avr/4.3.3/../../../../avr/lib/avr5\libM.a(gesf2.o)
                              ./Lab1/Lab1_ADCandWaveform.o (__gtsf2)
c:/winavr-20100110/bin/../lib/gcc/avr/4.3.3/../../../../avr/lib/avr5\libM.a(inverse.o)
                              c:/winavr-20100110/bin/../lib/gcc/avr/4.3.3/../../../../avr/lib/avr5\libM.a(atan.o) (inverse)
c:/winavr-20100110/bin/../lib/gcc/avr/4.3.3/../../../../avr/lib/avr5\libM.a(mulsf3.o)
                              ./Libraries/ADC.o (__mulsf3)
c:/winavr-20100110/bin/../lib/gcc/avr/4.3.3/../../../../avr/lib/avr5\libM.a(mulsf3x.o)
                              c:/winavr-20100110/bin/../lib/gcc/avr/4.3.3/../../../../avr/lib/avr5\libM.a(atan.o) (__mulsf3x)
c:/winavr-20100110/bin/../lib/gcc/avr/4.3.3/../../../../avr/lib/avr5\libM.a(sin.o)
                              ./Libraries/kinematics.o (sin)
c:/winavr-20100110/bin/../lib/gcc/avr/4.3.3/../../../../avr/lib/avr5\libM.a(sqrt.o)
                              c:/winavr-20100110/bin/../lib/gcc/avr/4.3.3/../../../../avr/lib/avr5\libM.a(fp_arccos.o) (sqrt)
c:/winavr-20100110/bin/../lib/gcc/avr/4.3.3/../../../../avr/lib/avr5\libM.a(square.o)
                              c:/winavr-20100110/bin/../lib/gcc/avr/4.3.3/../../../../avr/lib/avr5\libM.a(atan.o) (square)
c:/winavr-20100110/bin/../lib/gcc/avr/4.3.3/../../../../avr/lib/avr5\libM.a(fp_mpack.o)
                              c:/winavr-20100110/bin/../lib/gcc/avr/4.3.3/../../../../avr/lib/avr5\libM.a(sqrt.o) (__fp_mpack)
c:/winavr-20100110/bin/../lib/gcc/avr/4.3.3/../../../../avr/lib/avr5\libM.a(fp_norm2.o)
                              c:/winavr-20100110/bin/../lib/gcc/avr/4.3.3/../../../../avr/lib/avr5\libM.a(sqrt.o) (__fp_norm2)
c:/winavr-20100110/bin/../lib/gcc/avr/4.3.3/../../../../avr/lib/avr5\libM.a(fp_powsodd.o)
                              c:/winavr-20100110/bin/../lib/gcc/avr/4.3.3/../../../../avr/lib/avr5\libM.a(fp_sinus.o) (__fp_powsodd)
c:/winavr-20100110/bin/../lib/gcc/avr/4.3.3/avr5\libgcc.a(_divmodhi4.o)
                              ./Libraries/ADC.o (__divmodhi4)
c:/winavr-20100110/bin/../lib/gcc/avr/4.3.3/avr5\libgcc.a(_udivmodsi4.o)
                              C:\Users\djcupo\git\rbelib\RBELib\Release\libRBELib.a(SetServo.o) (__udivmodsi4)
c:/winavr-20100110/bin/../lib/gcc/avr/4.3.3/avr5\libgcc.a(_prologue.o)
                              c:/winavr-20100110/bin/../lib/gcc/avr/4.3.3/../../../../avr/lib/avr5\libprintf_flt.a(vfprintf_flt.o) (__prologue_saves__)
c:/winavr-20100110/bin/../lib/gcc/avr/4.3.3/avr5\libgcc.a(_epilogue.o)
                              c:/winavr-20100110/bin/../lib/gcc/avr/4.3.3/../../../../avr/lib/avr5\libprintf_flt.a(vfprintf_flt.o) (__epilogue_restores__)
c:/winavr-20100110/bin/../lib/gcc/avr/4.3.3/avr5\libgcc.a(_exit.o)
                              c:/winavr-20100110/bin/../lib/gcc/avr/4.3.3/../../../../avr/lib/avr5/crtm644p.o (exit)
c:/winavr-20100110/bin/../lib/gcc/avr/4.3.3/avr5\libgcc.a(_copy_data.o)
                              ./Libraries/USART.o (__do_copy_data)
c:/winavr-20100110/bin/../lib/gcc/avr/4.3.3/avr5\libgcc.a(_clear_bss.o)
                              ./Lab1/Lab1_ADCandWaveform.o (__do_clear_bss)
c:/winavr-20100110/bin/../lib/gcc/avr/4.3.3/avr5\libgcc.a(_udivmodhi4.o)
                              c:/winavr-20100110/bin/../lib/gcc/avr/4.3.3/avr5\libgcc.a(_divmodhi4.o) (__udivmodhi4)
c:/winavr-20100110/bin/../lib/gcc/avr/4.3.3/../../../../avr/lib/avr5\libc.a(ftoa_engine.o)
                              c:/winavr-20100110/bin/../lib/gcc/avr/4.3.3/../../../../avr/lib/avr5\libprintf_flt.a(vfprintf_flt.o) (__ftoa_engine)
c:/winavr-20100110/bin/../lib/gcc/avr/4.3.3/../../../../avr/lib/avr5\libc.a(strnlen_P.o)
                              c:/winavr-20100110/bin/../lib/gcc/avr/4.3.3/../../../../avr/lib/avr5\libprintf_flt.a(vfprintf_flt.o) (strnlen_P)
c:/winavr-20100110/bin/../lib/gcc/avr/4.3.3/../../../../avr/lib/avr5\libc.a(strnlen.o)
                              c:/winavr-20100110/bin/../lib/gcc/avr/4.3.3/../../../../avr/lib/avr5\libprintf_flt.a(vfprintf_flt.o) (strnlen)
c:/winavr-20100110/bin/../lib/gcc/avr/4.3.3/../../../../avr/lib/avr5\libc.a(fputc.o)
                              c:/winavr-20100110/bin/../lib/gcc/avr/4.3.3/../../../../avr/lib/avr5\libprintf_flt.a(vfprintf_flt.o) (fputc)
c:/winavr-20100110/bin/../lib/gcc/avr/4.3.3/../../../../avr/lib/avr5\libc.a(iob.o)
                              C:\Users\djcupo\git\rbelib\RBELib\Release\libRBELib.a(Debug.o) (__iob)
c:/winavr-20100110/bin/../lib/gcc/avr/4.3.3/../../../../avr/lib/avr5\libc.a(printf.o)
                              ./Lab1/Lab1_ADCandWaveform.o (printf)
c:/winavr-20100110/bin/../lib/gcc/avr/4.3.3/../../../../avr/lib/avr5\libc.a(sprintf.o)
                              C:\Users\djcupo\git\rbelib\RBELib\Release\libRBELib.a(SetServo.o) (sprintf)
c:/winavr-20100110/bin/../lib/gcc/avr/4.3.3/../../../../avr/lib/avr5\libc.a(ultoa_invert.o)
                              c:/winavr-20100110/bin/../lib/gcc/avr/4.3.3/../../../../avr/lib/avr5\libprintf_flt.a(vfprintf_flt.o) (__ultoa_invert)

Allocating common symbols
Common symbol       size              file

desiredValueShoulder
                    0x4               ./Lab2A.o
currentVal          0x2               ./Lab2A.o
diffErr             0x2               ./Lab2A.o
theta2              0x4               ./Lab2A.o
inchar              0x1               ./Lab1/Lab1_ADCandWaveform.o
desiredValueElbow   0x4               ./Lab2A.o
error               0x2               ./Lab2A.o
theta1              0x4               ./Lab2A.o
__iob               0x6               c:/winavr-20100110/bin/../lib/gcc/avr/4.3.3/../../../../avr/lib/avr5\libc.a(iob.o)

Memory Configuration

Name             Origin             Length             Attributes
text             0x00000000         0x00020000         xr
data             0x00800060         0x0000ffa0         rw !x
eeprom           0x00810000         0x00010000         rw !x
fuse             0x00820000         0x00000400         rw !x
lock             0x00830000         0x00000400         rw !x
signature        0x00840000         0x00000400         rw !x
*default*        0x00000000         0xffffffff

Linker script and memory map

Address of section .data set to 0x800100
LOAD c:/winavr-20100110/bin/../lib/gcc/avr/4.3.3/../../../../avr/lib/avr5/crtm644p.o
LOAD c:/winavr-20100110/bin/../lib/gcc/avr/4.3.3/../../../../avr/lib/avr5\libprintf_flt.a
LOAD c:/winavr-20100110/bin/../lib/gcc/avr/4.3.3/../../../../avr/lib/avr5\libm.a
LOAD ./Libraries/ADC.o
LOAD ./Libraries/DAC.o
LOAD ./Libraries/SPI.o
LOAD ./Libraries/USART.o
LOAD ./Libraries/kinematics.o
LOAD ./Libraries/motors.o
LOAD ./Lab1/Lab1_ADCandWaveform.o
LOAD ./Lab2A.o
LOAD ./main.o
LOAD C:\Users\djcupo\git\rbelib\RBELib\Release\libRBELib.a
LOAD c:/winavr-20100110/bin/../lib/gcc/avr/4.3.3/../../../../avr/lib/avr5\libM.a
LOAD c:/winavr-20100110/bin/../lib/gcc/avr/4.3.3/avr5\libgcc.a
LOAD c:/winavr-20100110/bin/../lib/gcc/avr/4.3.3/../../../../avr/lib/avr5\libc.a
LOAD c:/winavr-20100110/bin/../lib/gcc/avr/4.3.3/avr5\libgcc.a

.hash
 *(.hash)

.dynsym
 *(.dynsym)

.dynstr
 *(.dynstr)

.gnu.version
 *(.gnu.version)

.gnu.version_d
 *(.gnu.version_d)

.gnu.version_r
 *(.gnu.version_r)

.rel.init
 *(.rel.init)

.rela.init
 *(.rela.init)

.rel.text
 *(.rel.text)
 *(.rel.text.*)
 *(.rel.gnu.linkonce.t*)

.rela.text
 *(.rela.text)
 *(.rela.text.*)
 *(.rela.gnu.linkonce.t*)

.rel.fini
 *(.rel.fini)

.rela.fini
 *(.rela.fini)

.rel.rodata
 *(.rel.rodata)
 *(.rel.rodata.*)
 *(.rel.gnu.linkonce.r*)

.rela.rodata
 *(.rela.rodata)
 *(.rela.rodata.*)
 *(.rela.gnu.linkonce.r*)

.rel.data
 *(.rel.data)
 *(.rel.data.*)
 *(.rel.gnu.linkonce.d*)

.rela.data
 *(.rela.data)
 *(.rela.data.*)
 *(.rela.gnu.linkonce.d*)

.rel.ctors
 *(.rel.ctors)

.rela.ctors
 *(.rela.ctors)

.rel.dtors
 *(.rel.dtors)

.rela.dtors
 *(.rela.dtors)

.rel.got
 *(.rel.got)

.rela.got
 *(.rela.got)

.rel.bss
 *(.rel.bss)

.rela.bss
 *(.rela.bss)

.rel.plt
 *(.rel.plt)

.rela.plt
 *(.rela.plt)

.text           0x00000000     0x2aa8
 *(.vectors)
 .vectors       0x00000000       0x7c c:/winavr-20100110/bin/../lib/gcc/avr/4.3.3/../../../../avr/lib/avr5/crtm644p.o
                0x00000000                __vectors
                0x00000000                __vector_default
 *(.vectors)
 *(.progmem.gcc*)
 .progmem.gcc_fplib
                0x0000007c       0x2d c:/winavr-20100110/bin/../lib/gcc/avr/4.3.3/../../../../avr/lib/avr5\libM.a(atan.o)
 .progmem.gcc_fplib
                0x000000a9       0x28 c:/winavr-20100110/bin/../lib/gcc/avr/4.3.3/../../../../avr/lib/avr5\libM.a(fp_arccos.o)
 .progmem.gcc_fplib
                0x000000d1       0x1e c:/winavr-20100110/bin/../lib/gcc/avr/4.3.3/../../../../avr/lib/avr5\libM.a(fp_sinus.o)
 *(.progmem*)
 .progmem.data  0x000000ef        0x8 c:/winavr-20100110/bin/../lib/gcc/avr/4.3.3/../../../../avr/lib/avr5\libprintf_flt.a(vfprintf_flt.o)
 .progmem.data  0x000000f7       0xfa c:/winavr-20100110/bin/../lib/gcc/avr/4.3.3/../../../../avr/lib/avr5\libc.a(ftoa_engine.o)
                0x000001f2                . = ALIGN (0x2)
 *fill*         0x000001f1        0x1 00
                0x000001f2                __trampolines_start = .
 *(.trampolines)
 .trampolines   0x000001f2        0x0 linker stubs
 *(.trampolines*)
                0x000001f2                __trampolines_end = .
 *(.jumptables)
 *(.jumptables*)
 *(.lowtext)
 *(.lowtext*)
                0x000001f2                __ctors_start = .
 *(.ctors)
                0x000001f2                __ctors_end = .
                0x000001f2                __dtors_start = .
 *(.dtors)
                0x000001f2                __dtors_end = .
 SORT(*)(.ctors)
 SORT(*)(.dtors)
 *(.init0)
 .init0         0x000001f2        0x0 c:/winavr-20100110/bin/../lib/gcc/avr/4.3.3/../../../../avr/lib/avr5/crtm644p.o
                0x000001f2                __init
 *(.init0)
 *(.init1)
 *(.init1)
 *(.init2)
 .init2         0x000001f2        0xc c:/winavr-20100110/bin/../lib/gcc/avr/4.3.3/../../../../avr/lib/avr5/crtm644p.o
 *(.init2)
 *(.init3)
 *(.init3)
 *(.init4)
 .init4         0x000001fe       0x16 c:/winavr-20100110/bin/../lib/gcc/avr/4.3.3/avr5\libgcc.a(_copy_data.o)
                0x000001fe                __do_copy_data
 .init4         0x00000214       0x10 c:/winavr-20100110/bin/../lib/gcc/avr/4.3.3/avr5\libgcc.a(_clear_bss.o)
                0x00000214                __do_clear_bss
 *(.init4)
 *(.init5)
 *(.init5)
 *(.init6)
 *(.init6)
 *(.init7)
 *(.init7)
 *(.init8)
 *(.init8)
 *(.init9)
 .init9         0x00000224        0x8 c:/winavr-20100110/bin/../lib/gcc/avr/4.3.3/../../../../avr/lib/avr5/crtm644p.o
 *(.init9)
 *(.text)
 .text          0x0000022c        0x4 c:/winavr-20100110/bin/../lib/gcc/avr/4.3.3/../../../../avr/lib/avr5/crtm644p.o
                0x0000022c                __vector_22
                0x0000022c                __vector_28
                0x0000022c                __vector_1
                0x0000022c                __vector_24
                0x0000022c                __vector_12
                0x0000022c                __bad_interrupt
                0x0000022c                __vector_6
                0x0000022c                __vector_3
                0x0000022c                __vector_23
                0x0000022c                __vector_30
                0x0000022c                __vector_25
                0x0000022c                __vector_11
                0x0000022c                __vector_13
                0x0000022c                __vector_17
                0x0000022c                __vector_19
                0x0000022c                __vector_7
                0x0000022c                __vector_27
                0x0000022c                __vector_5
                0x0000022c                __vector_4
                0x0000022c                __vector_9
                0x0000022c                __vector_2
                0x0000022c                __vector_21
                0x0000022c                __vector_15
                0x0000022c                __vector_29
                0x0000022c                __vector_8
                0x0000022c                __vector_26
                0x0000022c                __vector_14
                0x0000022c                __vector_10
                0x0000022c                __vector_18
                0x0000022c                __vector_20
 .text          0x00000230        0x0 c:/winavr-20100110/bin/../lib/gcc/avr/4.3.3/../../../../avr/lib/avr5\libprintf_flt.a(vfprintf_flt.o)
 .text          0x00000230        0x0 ./Libraries/ADC.o
 .text          0x00000230        0x0 ./Libraries/DAC.o
 .text          0x00000230        0x0 ./Libraries/SPI.o
 .text          0x00000230        0x0 ./Libraries/USART.o
 .text          0x00000230        0x0 ./Libraries/kinematics.o
 .text          0x00000230        0x0 ./Libraries/motors.o
 .text          0x00000230        0x0 ./Lab1/Lab1_ADCandWaveform.o
 .text          0x00000230        0x0 ./Lab2A.o
 .text          0x00000230        0x0 ./main.o
 .text          0x00000230        0x0 C:\Users\djcupo\git\rbelib\RBELib\Release\libRBELib.a(Debug.o)
 .text          0x00000230        0x0 C:\Users\djcupo\git\rbelib\RBELib\Release\libRBELib.a(SetServo.o)
 .text          0x00000230        0x0 c:/winavr-20100110/bin/../lib/gcc/avr/4.3.3/../../../../avr/lib/avr5\libM.a(acos.o)
 .text          0x00000230        0x0 c:/winavr-20100110/bin/../lib/gcc/avr/4.3.3/../../../../avr/lib/avr5\libM.a(addsf3.o)
 .text          0x00000230        0x0 c:/winavr-20100110/bin/../lib/gcc/avr/4.3.3/../../../../avr/lib/avr5\libM.a(addsf3x.o)
 .text          0x00000230        0x0 c:/winavr-20100110/bin/../lib/gcc/avr/4.3.3/../../../../avr/lib/avr5\libM.a(atan2.o)
 .text          0x00000230        0x0 c:/winavr-20100110/bin/../lib/gcc/avr/4.3.3/../../../../avr/lib/avr5\libM.a(atan.o)
 .text          0x00000230        0x0 c:/winavr-20100110/bin/../lib/gcc/avr/4.3.3/../../../../avr/lib/avr5\libM.a(cmpsf2.o)
 .text          0x00000230        0x0 c:/winavr-20100110/bin/../lib/gcc/avr/4.3.3/../../../../avr/lib/avr5\libM.a(cos.o)
 .text          0x00000230        0x0 c:/winavr-20100110/bin/../lib/gcc/avr/4.3.3/../../../../avr/lib/avr5\libM.a(divsf3.o)
 .text          0x00000230        0x0 c:/winavr-20100110/bin/../lib/gcc/avr/4.3.3/../../../../avr/lib/avr5\libM.a(divsf3x.o)
 .text          0x00000230        0x0 c:/winavr-20100110/bin/../lib/gcc/avr/4.3.3/../../../../avr/lib/avr5\libM.a(fixsfsi.o)
 .text          0x00000230        0x0 c:/winavr-20100110/bin/../lib/gcc/avr/4.3.3/../../../../avr/lib/avr5\libM.a(fixunssfsi.o)
 .text          0x00000230        0x0 c:/winavr-20100110/bin/../lib/gcc/avr/4.3.3/../../../../avr/lib/avr5\libM.a(floatsisf.o)
 .text          0x00000230        0x0 c:/winavr-20100110/bin/../lib/gcc/avr/4.3.3/../../../../avr/lib/avr5\libM.a(fp_arccos.o)
 .text          0x00000230        0x0 c:/winavr-20100110/bin/../lib/gcc/avr/4.3.3/../../../../avr/lib/avr5\libM.a(fp_cmp.o)
 .text          0x00000230        0x0 c:/winavr-20100110/bin/../lib/gcc/avr/4.3.3/../../../../avr/lib/avr5\libM.a(fp_inf.o)
 .text          0x00000230        0x0 c:/winavr-20100110/bin/../lib/gcc/avr/4.3.3/../../../../avr/lib/avr5\libM.a(fp_nan.o)
 .text          0x00000230        0x0 c:/winavr-20100110/bin/../lib/gcc/avr/4.3.3/../../../../avr/lib/avr5\libM.a(fp_powser.o)
 .text          0x00000230        0x0 c:/winavr-20100110/bin/../lib/gcc/avr/4.3.3/../../../../avr/lib/avr5\libM.a(fp_pscA.o)
 .text          0x00000230        0x0 c:/winavr-20100110/bin/../lib/gcc/avr/4.3.3/../../../../avr/lib/avr5\libM.a(fp_pscB.o)
 .text          0x00000230        0x0 c:/winavr-20100110/bin/../lib/gcc/avr/4.3.3/../../../../avr/lib/avr5\libM.a(fp_rempio2.o)
 .text          0x00000230        0x0 c:/winavr-20100110/bin/../lib/gcc/avr/4.3.3/../../../../avr/lib/avr5\libM.a(fp_round.o)
 .text          0x00000230        0x0 c:/winavr-20100110/bin/../lib/gcc/avr/4.3.3/../../../../avr/lib/avr5\libM.a(fp_sinus.o)
 .text          0x00000230        0x0 c:/winavr-20100110/bin/../lib/gcc/avr/4.3.3/../../../../avr/lib/avr5\libM.a(fp_split3.o)
 .text          0x00000230        0x0 c:/winavr-20100110/bin/../lib/gcc/avr/4.3.3/../../../../avr/lib/avr5\libM.a(fp_zero.o)
 .text          0x00000230        0x0 c:/winavr-20100110/bin/../lib/gcc/avr/4.3.3/../../../../avr/lib/avr5\libM.a(gesf2.o)
 .text          0x00000230        0x0 c:/winavr-20100110/bin/../lib/gcc/avr/4.3.3/../../../../avr/lib/avr5\libM.a(inverse.o)
 .text          0x00000230        0x0 c:/winavr-20100110/bin/../lib/gcc/avr/4.3.3/../../../../avr/lib/avr5\libM.a(mulsf3.o)
 .text          0x00000230        0x0 c:/winavr-20100110/bin/../lib/gcc/avr/4.3.3/../../../../avr/lib/avr5\libM.a(mulsf3x.o)
 .text          0x00000230        0x0 c:/winavr-20100110/bin/../lib/gcc/avr/4.3.3/../../../../avr/lib/avr5\libM.a(sin.o)
 .text          0x00000230        0x0 c:/winavr-20100110/bin/../lib/gcc/avr/4.3.3/../../../../avr/lib/avr5\libM.a(sqrt.o)
 .text          0x00000230        0x0 c:/winavr-20100110/bin/../lib/gcc/avr/4.3.3/../../../../avr/lib/avr5\libM.a(square.o)
 .text          0x00000230        0x0 c:/winavr-20100110/bin/../lib/gcc/avr/4.3.3/../../../../avr/lib/avr5\libM.a(fp_mpack.o)
 .text          0x00000230        0x0 c:/winavr-20100110/bin/../lib/gcc/avr/4.3.3/../../../../avr/lib/avr5\libM.a(fp_norm2.o)
 .text          0x00000230        0x0 c:/winavr-20100110/bin/../lib/gcc/avr/4.3.3/../../../../avr/lib/avr5\libM.a(fp_powsodd.o)
 .text          0x00000230        0x0 c:/winavr-20100110/bin/../lib/gcc/avr/4.3.3/avr5\libgcc.a(_divmodhi4.o)
 .text          0x00000230        0x0 c:/winavr-20100110/bin/../lib/gcc/avr/4.3.3/avr5\libgcc.a(_udivmodsi4.o)
 .text          0x00000230        0x0 c:/winavr-20100110/bin/../lib/gcc/avr/4.3.3/avr5\libgcc.a(_prologue.o)
 .text          0x00000230        0x0 c:/winavr-20100110/bin/../lib/gcc/avr/4.3.3/avr5\libgcc.a(_epilogue.o)
 .text          0x00000230        0x0 c:/winavr-20100110/bin/../lib/gcc/avr/4.3.3/avr5\libgcc.a(_exit.o)
 .text          0x00000230        0x0 c:/winavr-20100110/bin/../lib/gcc/avr/4.3.3/avr5\libgcc.a(_copy_data.o)
 .text          0x00000230        0x0 c:/winavr-20100110/bin/../lib/gcc/avr/4.3.3/avr5\libgcc.a(_clear_bss.o)
 .text          0x00000230        0x0 c:/winavr-20100110/bin/../lib/gcc/avr/4.3.3/avr5\libgcc.a(_udivmodhi4.o)
 .text          0x00000230        0x0 c:/winavr-20100110/bin/../lib/gcc/avr/4.3.3/../../../../avr/lib/avr5\libc.a(ftoa_engine.o)
 .text          0x00000230        0x0 c:/winavr-20100110/bin/../lib/gcc/avr/4.3.3/../../../../avr/lib/avr5\libc.a(strnlen_P.o)
 .text          0x00000230        0x0 c:/winavr-20100110/bin/../lib/gcc/avr/4.3.3/../../../../avr/lib/avr5\libc.a(strnlen.o)
 .text          0x00000230        0x0 c:/winavr-20100110/bin/../lib/gcc/avr/4.3.3/../../../../avr/lib/avr5\libc.a(fputc.o)
 .text          0x00000230        0x0 c:/winavr-20100110/bin/../lib/gcc/avr/4.3.3/../../../../avr/lib/avr5\libc.a(iob.o)
 .text          0x00000230        0x0 c:/winavr-20100110/bin/../lib/gcc/avr/4.3.3/../../../../avr/lib/avr5\libc.a(printf.o)
 .text          0x00000230        0x0 c:/winavr-20100110/bin/../lib/gcc/avr/4.3.3/../../../../avr/lib/avr5\libc.a(sprintf.o)
 .text          0x00000230        0x0 c:/winavr-20100110/bin/../lib/gcc/avr/4.3.3/../../../../avr/lib/avr5\libc.a(ultoa_invert.o)
                0x00000230                . = ALIGN (0x2)
 *(.text.*)
 .text.avr-libc
                0x00000230      0x70e c:/winavr-20100110/bin/../lib/gcc/avr/4.3.3/../../../../avr/lib/avr5\libprintf_flt.a(vfprintf_flt.o)
                0x00000230                vfprintf
 .text.initADC  0x0000093e       0x20 ./Libraries/ADC.o
                0x0000093e                initADC
 .text.getADC   0x0000095e       0x2c ./Libraries/ADC.o
                0x0000095e                getADC
 .text.adcToDegreesArm1
                0x0000098a       0x3e ./Libraries/ADC.o
                0x0000098a                adcToDegreesArm1
 .text.degreesToADCArm1
                0x000009c8       0x2e ./Libraries/ADC.o
                0x000009c8                degreesToADCArm1
 .text.adcToDegreesArm2
                0x000009f6       0x2a ./Libraries/ADC.o
                0x000009f6                adcToDegreesArm2
 .text.adcToVolts
                0x00000a20       0x2c ./Libraries/ADC.o
                0x00000a20                adcToVolts
 .text.ADCtoMillamps
                0x00000a4c       0x40 ./Libraries/ADC.o
                0x00000a4c                ADCtoMillamps
 .text.dacToVolts
                0x00000a8c       0x28 ./Libraries/DAC.o
                0x00000a8c                dacToVolts
 .text.intiDAC  0x00000ab4       0x3c ./Libraries/DAC.o
                0x00000ab4                intiDAC
 .text.setDAC   0x00000af0       0x74 ./Libraries/DAC.o
                0x00000af0                setDAC
 .text.initSPI  0x00000b64       0x46 ./Libraries/SPI.o
                0x00000b64                initSPI
 .text.spiTransceive
                0x00000baa        0xc ./Libraries/SPI.o
                0x00000baa                spiTransceive
 .text.debugUSARTInit
                0x00000bb6       0x20 ./Libraries/USART.o
                0x00000bb6                debugUSARTInit
 .text.putCharDebug
                0x00000bd6       0x10 ./Libraries/USART.o
                0x00000bd6                putCharDebug
 .text.getCharDebug
                0x00000be6        0xe ./Libraries/USART.o
                0x00000be6                getCharDebug
 .text.getY     0x00000bf4       0xc6 ./Libraries/kinematics.o
                0x00000bf4                getY
 .text.getX     0x00000cba       0xc6 ./Libraries/kinematics.o
                0x00000cba                getX
 .text.xyToTheta2
                0x00000d80       0x82 ./Libraries/kinematics.o
                0x00000d80                xyToTheta2
 .text.xyToTheta1
                0x00000e02      0x146 ./Libraries/kinematics.o
                0x00000e02                xyToTheta1
 .text.signTheta2
                0x00000f48       0xb2 ./Libraries/kinematics.o
                0x00000f48                signTheta2
 .text.driveMotor
                0x00000ffa       0xd0 ./Libraries/motors.o
                0x00000ffa                driveMotor
 .text.Lab1init
                0x000010ca       0x44 ./Lab1/Lab1_ADCandWaveform.o
                0x000010ca                Lab1init
 .text.sample   0x0000110e      0x13e ./Lab1/Lab1_ADCandWaveform.o
                0x0000110e                sample
 .text.Lab1loop
                0x0000124c      0x33e ./Lab1/Lab1_ADCandWaveform.o
                0x0000124c                Lab1loop
 .text.TimerInit100Hz
                0x0000158a       0x14 ./Lab2A.o
                0x0000158a                TimerInit100Hz
 .text.__vector_16
                0x0000159e       0x4c ./Lab2A.o
                0x0000159e                __vector_16
 .text.showTriangleWave
                0x000015ea       0x96 ./Lab2A.o
                0x000015ea                showTriangleWave
 .text.updatePID
                0x00001680      0x316 ./Lab2A.o
                0x00001680                updatePID
 .text.Lab2ALoop
                0x00001996      0x11a ./Lab2A.o
                0x00001996                Lab2ALoop
 .text.Lab2AInit
                0x00001ab0      0x370 ./Lab2A.o
                0x00001ab0                Lab2AInit
 .text.main     0x00001e20       0x1a ./main.o
                0x00001e20                main
 .text.initRBELib
                0x00001e3a       0x1a C:\Users\djcupo\git\rbelib\RBELib\Release\libRBELib.a(Debug.o)
                0x00001e3a                initRBELib
 .text.printfRBE
                0x00001e54        0xa C:\Users\djcupo\git\rbelib\RBELib\Release\libRBELib.a(Debug.o)
                0x00001e54                printfRBE
 .text.initAltCom
                0x00001e5e       0x38 C:\Users\djcupo\git\rbelib\RBELib\Release\libRBELib.a(SetServo.o)
                0x00001e5e                initAltCom
 .text.setCharDebug
                0x00001e96       0x10 C:\Users\djcupo\git\rbelib\RBELib\Release\libRBELib.a(SetServo.o)
                0x00001e96                setCharDebug
 .text.coPrintf
                0x00001ea6       0x1a C:\Users\djcupo\git\rbelib\RBELib\Release\libRBELib.a(SetServo.o)
                0x00001ea6                coPrintf
 .text.setServo
                0x00001ec0       0x84 C:\Users\djcupo\git\rbelib\RBELib\Release\libRBELib.a(SetServo.o)
                0x00001ec0                setServo
 .text.avr-libc.fplib
                0x00001f44       0x1c c:/winavr-20100110/bin/../lib/gcc/avr/4.3.3/../../../../avr/lib/avr5\libM.a(acos.o)
                0x00001f44                acos
 .text.avr-libc.fplib
                0x00001f60        0xa c:/winavr-20100110/bin/../lib/gcc/avr/4.3.3/../../../../avr/lib/avr5\libM.a(addsf3.o)
                0x00001f60                __subsf3
                0x00001f62                __addsf3
 .text.avr-libc.fplib
                0x00001f6a       0xc0 c:/winavr-20100110/bin/../lib/gcc/avr/4.3.3/../../../../avr/lib/avr5\libM.a(addsf3x.o)
                0x00001f84                __addsf3x
 .text.avr-libc.fplib
                0x0000202a       0x74 c:/winavr-20100110/bin/../lib/gcc/avr/4.3.3/../../../../avr/lib/avr5\libM.a(atan2.o)
                0x00002048                atan2
 .text.avr-libc.fplib
                0x0000209e       0x50 c:/winavr-20100110/bin/../lib/gcc/avr/4.3.3/../../../../avr/lib/avr5\libM.a(atan.o)
                0x0000209e                atan
 .text.avr-libc.fplib
                0x000020ee        0x8 c:/winavr-20100110/bin/../lib/gcc/avr/4.3.3/../../../../avr/lib/avr5\libM.a(cmpsf2.o)
                0x000020ee                __lesf2
                0x000020ee                __nesf2
                0x000020ee                __eqsf2
                0x000020ee                __cmpsf2
                0x000020ee                __ltsf2
 .text.avr-libc.fplib
                0x000020f6        0x6 c:/winavr-20100110/bin/../lib/gcc/avr/4.3.3/../../../../avr/lib/avr5\libM.a(cos.o)
                0x000020f6                cos
 .text.avr-libc.fplib
                0x000020fc        0x4 c:/winavr-20100110/bin/../lib/gcc/avr/4.3.3/../../../../avr/lib/avr5\libM.a(divsf3.o)
                0x000020fc                __divsf3
 .text.avr-libc.fplib
                0x00002100       0xcc c:/winavr-20100110/bin/../lib/gcc/avr/4.3.3/../../../../avr/lib/avr5\libM.a(divsf3x.o)
                0x00002116                __divsf3x
                0x0000211a                __divsf3_pse
 .text.avr-libc.fplib
                0x000021cc        0xa c:/winavr-20100110/bin/../lib/gcc/avr/4.3.3/../../../../avr/lib/avr5\libM.a(fixsfsi.o)
                0x000021cc                __fixsfsi
 .text.avr-libc.fplib
                0x000021d6       0x58 c:/winavr-20100110/bin/../lib/gcc/avr/4.3.3/../../../../avr/lib/avr5\libM.a(fixunssfsi.o)
                0x000021d6                __fixunssfsi
 .text.avr-libc.fplib
                0x0000222e       0x7a c:/winavr-20100110/bin/../lib/gcc/avr/4.3.3/../../../../avr/lib/avr5\libM.a(floatsisf.o)
                0x00002232                __floatsisf
                0x0000222e                __floatunsisf
 .text.avr-libc.fplib
                0x000022a8       0x36 c:/winavr-20100110/bin/../lib/gcc/avr/4.3.3/../../../../avr/lib/avr5\libM.a(fp_arccos.o)
                0x000022a8                __fp_arccos
 .text.avr-libc.fplib
                0x000022de       0x48 c:/winavr-20100110/bin/../lib/gcc/avr/4.3.3/../../../../avr/lib/avr5\libM.a(fp_cmp.o)
                0x000022de                __fp_cmp
 .text.avr-libc.fplib
                0x00002326        0xc c:/winavr-20100110/bin/../lib/gcc/avr/4.3.3/../../../../avr/lib/avr5\libM.a(fp_inf.o)
                0x00002326                __fp_inf
 .text.avr-libc.fplib
                0x00002332        0x6 c:/winavr-20100110/bin/../lib/gcc/avr/4.3.3/../../../../avr/lib/avr5\libM.a(fp_nan.o)
                0x00002332                __fp_nan
 .text.avr-libc.fplib
                0x00002338       0x4a c:/winavr-20100110/bin/../lib/gcc/avr/4.3.3/../../../../avr/lib/avr5\libM.a(fp_powser.o)
                0x00002338                __fp_powser
 .text.avr-libc.fplib
                0x00002382        0xe c:/winavr-20100110/bin/../lib/gcc/avr/4.3.3/../../../../avr/lib/avr5\libM.a(fp_pscA.o)
                0x00002382                __fp_pscA
 .text.avr-libc.fplib
                0x00002390        0xe c:/winavr-20100110/bin/../lib/gcc/avr/4.3.3/../../../../avr/lib/avr5\libM.a(fp_pscB.o)
                0x00002390                __fp_pscB
 .text.avr-libc.fplib
                0x0000239e       0x50 c:/winavr-20100110/bin/../lib/gcc/avr/4.3.3/../../../../avr/lib/avr5\libM.a(fp_rempio2.o)
                0x000023a0                __fp_rempio2
 .text.avr-libc.fplib
                0x000023ee       0x22 c:/winavr-20100110/bin/../lib/gcc/avr/4.3.3/../../../../avr/lib/avr5\libM.a(fp_round.o)
                0x000023ee                __fp_round
 .text.avr-libc.fplib
                0x00002410       0x22 c:/winavr-20100110/bin/../lib/gcc/avr/4.3.3/../../../../avr/lib/avr5\libM.a(fp_sinus.o)
                0x00002410                __fp_sinus
 .text.avr-libc.fplib
                0x00002432       0x44 c:/winavr-20100110/bin/../lib/gcc/avr/4.3.3/../../../../avr/lib/avr5\libM.a(fp_split3.o)
                0x00002432                __fp_split3
                0x00002442                __fp_splitA
 .text.avr-libc.fplib
                0x00002476        0xe c:/winavr-20100110/bin/../lib/gcc/avr/4.3.3/../../../../avr/lib/avr5\libM.a(fp_zero.o)
                0x00002476                __fp_zero
                0x00002478                __fp_szero
 .text.avr-libc.fplib
                0x00002484        0x8 c:/winavr-20100110/bin/../lib/gcc/avr/4.3.3/../../../../avr/lib/avr5\libM.a(gesf2.o)
                0x00002484                __gtsf2
                0x00002484                __gesf2
 .text.avr-libc.fplib
                0x0000248c        0xe c:/winavr-20100110/bin/../lib/gcc/avr/4.3.3/../../../../avr/lib/avr5\libM.a(inverse.o)
                0x0000248c                inverse
 .text.avr-libc.fplib
                0x0000249a        0x4 c:/winavr-20100110/bin/../lib/gcc/avr/4.3.3/../../../../avr/lib/avr5\libM.a(mulsf3.o)
                0x0000249a                __mulsf3
 .text.avr-libc.fplib
                0x0000249e       0xc2 c:/winavr-20100110/bin/../lib/gcc/avr/4.3.3/../../../../avr/lib/avr5\libM.a(mulsf3x.o)
                0x000024b6                __mulsf3_pse
                0x000024b2                __mulsf3x
 .text.avr-libc.fplib
                0x00002560        0xc c:/winavr-20100110/bin/../lib/gcc/avr/4.3.3/../../../../avr/lib/avr5\libM.a(sin.o)
                0x00002560                sin
 .text.avr-libc.fplib
                0x0000256c       0x84 c:/winavr-20100110/bin/../lib/gcc/avr/4.3.3/../../../../avr/lib/avr5\libM.a(sqrt.o)
                0x00002574                sqrt
 .text.avr-libc.fplib
                0x000025f0        0x6 c:/winavr-20100110/bin/../lib/gcc/avr/4.3.3/../../../../avr/lib/avr5\libM.a(square.o)
                0x000025f0                square
 .text.avr-libc.fplib
                0x000025f6       0x1c c:/winavr-20100110/bin/../lib/gcc/avr/4.3.3/../../../../avr/lib/avr5\libM.a(fp_mpack.o)
                0x000025fa                __fp_mpack_finite
                0x000025f6                __fp_mpack
 .text.avr-libc.fplib
                0x00002612        0xe c:/winavr-20100110/bin/../lib/gcc/avr/4.3.3/../../../../avr/lib/avr5\libM.a(fp_norm2.o)
                0x00002612                __fp_norm2
 .text.avr-libc.fplib
                0x00002620       0x22 c:/winavr-20100110/bin/../lib/gcc/avr/4.3.3/../../../../avr/lib/avr5\libM.a(fp_powsodd.o)
                0x00002620                __fp_powsodd
 .text.libgcc   0x00002642       0x26 c:/winavr-20100110/bin/../lib/gcc/avr/4.3.3/avr5\libgcc.a(_divmodhi4.o)
                0x00002642                __divmodhi4
                0x00002642                _div
 .text.libgcc   0x00002668       0x44 c:/winavr-20100110/bin/../lib/gcc/avr/4.3.3/avr5\libgcc.a(_udivmodsi4.o)
                0x00002668                __udivmodsi4
 .text.libgcc   0x000026ac       0x38 c:/winavr-20100110/bin/../lib/gcc/avr/4.3.3/avr5\libgcc.a(_prologue.o)
                0x000026ac                __prologue_saves__
 .text.libgcc   0x000026e4       0x36 c:/winavr-20100110/bin/../lib/gcc/avr/4.3.3/avr5\libgcc.a(_epilogue.o)
                0x000026e4                __epilogue_restores__
 .text.libgcc   0x0000271a        0x0 c:/winavr-20100110/bin/../lib/gcc/avr/4.3.3/avr5\libgcc.a(_exit.o)
 .text.libgcc   0x0000271a        0x0 c:/winavr-20100110/bin/../lib/gcc/avr/4.3.3/avr5\libgcc.a(_copy_data.o)
 .text.libgcc   0x0000271a        0x0 c:/winavr-20100110/bin/../lib/gcc/avr/4.3.3/avr5\libgcc.a(_clear_bss.o)
 .text.libgcc   0x0000271a       0x28 c:/winavr-20100110/bin/../lib/gcc/avr/4.3.3/avr5\libgcc.a(_udivmodhi4.o)
                0x0000271a                __udivmodhi4
 .text.avr-libc
                0x00002742      0x1b0 c:/winavr-20100110/bin/../lib/gcc/avr/4.3.3/../../../../avr/lib/avr5\libc.a(ftoa_engine.o)
                0x00002742                __ftoa_engine
 .text.avr-libc
                0x000028f2       0x16 c:/winavr-20100110/bin/../lib/gcc/avr/4.3.3/../../../../avr/lib/avr5\libc.a(strnlen_P.o)
                0x000028f2                strnlen_P
 .text.avr-libc
                0x00002908       0x16 c:/winavr-20100110/bin/../lib/gcc/avr/4.3.3/../../../../avr/lib/avr5\libc.a(strnlen.o)
                0x00002908                strnlen
 .text.avr-libc
                0x0000291e       0x58 c:/winavr-20100110/bin/../lib/gcc/avr/4.3.3/../../../../avr/lib/avr5\libc.a(fputc.o)
                0x0000291e                fputc
 .text.avr-libc
                0x00002976       0x2a c:/winavr-20100110/bin/../lib/gcc/avr/4.3.3/../../../../avr/lib/avr5\libc.a(printf.o)
                0x00002976                printf
 .text.avr-libc
                0x000029a0       0x48 c:/winavr-20100110/bin/../lib/gcc/avr/4.3.3/../../../../avr/lib/avr5\libc.a(sprintf.o)
                0x000029a0                sprintf
 .text.avr-libc
                0x000029e8       0xbc c:/winavr-20100110/bin/../lib/gcc/avr/4.3.3/../../../../avr/lib/avr5\libc.a(ultoa_invert.o)
                0x000029e8                __ultoa_invert
                0x00002aa4                . = ALIGN (0x2)
 *(.fini9)
 .fini9         0x00002aa4        0x0 c:/winavr-20100110/bin/../lib/gcc/avr/4.3.3/avr5\libgcc.a(_exit.o)
                0x00002aa4                exit
                0x00002aa4                _exit
 *(.fini9)
 *(.fini8)
 *(.fini8)
 *(.fini7)
 *(.fini7)
 *(.fini6)
 *(.fini6)
 *(.fini5)
 *(.fini5)
 *(.fini4)
 *(.fini4)
 *(.fini3)
 *(.fini3)
 *(.fini2)
 *(.fini2)
 *(.fini1)
 *(.fini1)
 *(.fini0)
 .fini0         0x00002aa4        0x4 c:/winavr-20100110/bin/../lib/gcc/avr/4.3.3/avr5\libgcc.a(_exit.o)
 *(.fini0)
                0x00002aa8                _etext = .

.data           0x00800100       0xcc load address 0x00002aa8
                0x00800100                PROVIDE (__data_start, .)
 *(.data)
 .data          0x00800100        0x0 c:/winavr-20100110/bin/../lib/gcc/avr/4.3.3/../../../../avr/lib/avr5/crtm644p.o
 .data          0x00800100        0x0 c:/winavr-20100110/bin/../lib/gcc/avr/4.3.3/../../../../avr/lib/avr5\libprintf_flt.a(vfprintf_flt.o)
 .data          0x00800100        0x0 ./Libraries/ADC.o
 .data          0x00800100        0x0 ./Libraries/DAC.o
 .data          0x00800100        0x0 ./Libraries/SPI.o
 .data          0x00800100        0x0 ./Libraries/USART.o
 .data          0x00800100        0x0 ./Libraries/kinematics.o
 .data          0x00800100        0x0 ./Libraries/motors.o
 .data          0x00800100       0x17 ./Lab1/Lab1_ADCandWaveform.o
 .data          0x00800117       0x63 ./Lab2A.o
 .data          0x0080017a        0x0 ./main.o
 .data          0x0080017a        0x0 C:\Users\djcupo\git\rbelib\RBELib\Release\libRBELib.a(Debug.o)
 .data          0x0080017a       0x14 C:\Users\djcupo\git\rbelib\RBELib\Release\libRBELib.a(SetServo.o)
 .data          0x0080018e        0x0 c:/winavr-20100110/bin/../lib/gcc/avr/4.3.3/../../../../avr/lib/avr5\libM.a(acos.o)
 .data          0x0080018e        0x0 c:/winavr-20100110/bin/../lib/gcc/avr/4.3.3/../../../../avr/lib/avr5\libM.a(addsf3.o)
 .data          0x0080018e        0x0 c:/winavr-20100110/bin/../lib/gcc/avr/4.3.3/../../../../avr/lib/avr5\libM.a(addsf3x.o)
 .data          0x0080018e        0x0 c:/winavr-20100110/bin/../lib/gcc/avr/4.3.3/../../../../avr/lib/avr5\libM.a(atan2.o)
 .data          0x0080018e        0x0 c:/winavr-20100110/bin/../lib/gcc/avr/4.3.3/../../../../avr/lib/avr5\libM.a(atan.o)
 .data          0x0080018e        0x0 c:/winavr-20100110/bin/../lib/gcc/avr/4.3.3/../../../../avr/lib/avr5\libM.a(cmpsf2.o)
 .data          0x0080018e        0x0 c:/winavr-20100110/bin/../lib/gcc/avr/4.3.3/../../../../avr/lib/avr5\libM.a(cos.o)
 .data          0x0080018e        0x0 c:/winavr-20100110/bin/../lib/gcc/avr/4.3.3/../../../../avr/lib/avr5\libM.a(divsf3.o)
 .data          0x0080018e        0x0 c:/winavr-20100110/bin/../lib/gcc/avr/4.3.3/../../../../avr/lib/avr5\libM.a(divsf3x.o)
 .data          0x0080018e        0x0 c:/winavr-20100110/bin/../lib/gcc/avr/4.3.3/../../../../avr/lib/avr5\libM.a(fixsfsi.o)
 .data          0x0080018e        0x0 c:/winavr-20100110/bin/../lib/gcc/avr/4.3.3/../../../../avr/lib/avr5\libM.a(fixunssfsi.o)
 .data          0x0080018e        0x0 c:/winavr-20100110/bin/../lib/gcc/avr/4.3.3/../../../../avr/lib/avr5\libM.a(floatsisf.o)
 .data          0x0080018e        0x0 c:/winavr-20100110/bin/../lib/gcc/avr/4.3.3/../../../../avr/lib/avr5\libM.a(fp_arccos.o)
 .data          0x0080018e        0x0 c:/winavr-20100110/bin/../lib/gcc/avr/4.3.3/../../../../avr/lib/avr5\libM.a(fp_cmp.o)
 .data          0x0080018e        0x0 c:/winavr-20100110/bin/../lib/gcc/avr/4.3.3/../../../../avr/lib/avr5\libM.a(fp_inf.o)
 .data          0x0080018e        0x0 c:/winavr-20100110/bin/../lib/gcc/avr/4.3.3/../../../../avr/lib/avr5\libM.a(fp_nan.o)
 .data          0x0080018e        0x0 c:/winavr-20100110/bin/../lib/gcc/avr/4.3.3/../../../../avr/lib/avr5\libM.a(fp_powser.o)
 .data          0x0080018e        0x0 c:/winavr-20100110/bin/../lib/gcc/avr/4.3.3/../../../../avr/lib/avr5\libM.a(fp_pscA.o)
 .data          0x0080018e        0x0 c:/winavr-20100110/bin/../lib/gcc/avr/4.3.3/../../../../avr/lib/avr5\libM.a(fp_pscB.o)
 .data          0x0080018e        0x0 c:/winavr-20100110/bin/../lib/gcc/avr/4.3.3/../../../../avr/lib/avr5\libM.a(fp_rempio2.o)
 .data          0x0080018e        0x0 c:/winavr-20100110/bin/../lib/gcc/avr/4.3.3/../../../../avr/lib/avr5\libM.a(fp_round.o)
 .data          0x0080018e        0x0 c:/winavr-20100110/bin/../lib/gcc/avr/4.3.3/../../../../avr/lib/avr5\libM.a(fp_sinus.o)
 .data          0x0080018e        0x0 c:/winavr-20100110/bin/../lib/gcc/avr/4.3.3/../../../../avr/lib/avr5\libM.a(fp_split3.o)
 .data          0x0080018e        0x0 c:/winavr-20100110/bin/../lib/gcc/avr/4.3.3/../../../../avr/lib/avr5\libM.a(fp_zero.o)
 .data          0x0080018e        0x0 c:/winavr-20100110/bin/../lib/gcc/avr/4.3.3/../../../../avr/lib/avr5\libM.a(gesf2.o)
 .data          0x0080018e        0x0 c:/winavr-20100110/bin/../lib/gcc/avr/4.3.3/../../../../avr/lib/avr5\libM.a(inverse.o)
 .data          0x0080018e        0x0 c:/winavr-20100110/bin/../lib/gcc/avr/4.3.3/../../../../avr/lib/avr5\libM.a(mulsf3.o)
 .data          0x0080018e        0x0 c:/winavr-20100110/bin/../lib/gcc/avr/4.3.3/../../../../avr/lib/avr5\libM.a(mulsf3x.o)
 .data          0x0080018e        0x0 c:/winavr-20100110/bin/../lib/gcc/avr/4.3.3/../../../../avr/lib/avr5\libM.a(sin.o)
 .data          0x0080018e        0x0 c:/winavr-20100110/bin/../lib/gcc/avr/4.3.3/../../../../avr/lib/avr5\libM.a(sqrt.o)
 .data          0x0080018e        0x0 c:/winavr-20100110/bin/../lib/gcc/avr/4.3.3/../../../../avr/lib/avr5\libM.a(square.o)
 .data          0x0080018e        0x0 c:/winavr-20100110/bin/../lib/gcc/avr/4.3.3/../../../../avr/lib/avr5\libM.a(fp_mpack.o)
 .data          0x0080018e        0x0 c:/winavr-20100110/bin/../lib/gcc/avr/4.3.3/../../../../avr/lib/avr5\libM.a(fp_norm2.o)
 .data          0x0080018e        0x0 c:/winavr-20100110/bin/../lib/gcc/avr/4.3.3/../../../../avr/lib/avr5\libM.a(fp_powsodd.o)
 .data          0x0080018e        0x0 c:/winavr-20100110/bin/../lib/gcc/avr/4.3.3/avr5\libgcc.a(_divmodhi4.o)
 .data          0x0080018e        0x0 c:/winavr-20100110/bin/../lib/gcc/avr/4.3.3/avr5\libgcc.a(_udivmodsi4.o)
 .data          0x0080018e        0x0 c:/winavr-20100110/bin/../lib/gcc/avr/4.3.3/avr5\libgcc.a(_prologue.o)
 .data          0x0080018e        0x0 c:/winavr-20100110/bin/../lib/gcc/avr/4.3.3/avr5\libgcc.a(_epilogue.o)
 .data          0x0080018e        0x0 c:/winavr-20100110/bin/../lib/gcc/avr/4.3.3/avr5\libgcc.a(_exit.o)
 .data          0x0080018e        0x0 c:/winavr-20100110/bin/../lib/gcc/avr/4.3.3/avr5\libgcc.a(_copy_data.o)
 .data          0x0080018e        0x0 c:/winavr-20100110/bin/../lib/gcc/avr/4.3.3/avr5\libgcc.a(_clear_bss.o)
 .data          0x0080018e        0x0 c:/winavr-20100110/bin/../lib/gcc/avr/4.3.3/avr5\libgcc.a(_udivmodhi4.o)
 .data          0x0080018e        0x0 c:/winavr-20100110/bin/../lib/gcc/avr/4.3.3/../../../../avr/lib/avr5\libc.a(ftoa_engine.o)
 .data          0x0080018e        0x0 c:/winavr-20100110/bin/../lib/gcc/avr/4.3.3/../../../../avr/lib/avr5\libc.a(strnlen_P.o)
 .data          0x0080018e        0x0 c:/winavr-20100110/bin/../lib/gcc/avr/4.3.3/../../../../avr/lib/avr5\libc.a(strnlen.o)
 .data          0x0080018e        0x0 c:/winavr-20100110/bin/../lib/gcc/avr/4.3.3/../../../../avr/lib/avr5\libc.a(fputc.o)
 .data          0x0080018e        0x0 c:/winavr-20100110/bin/../lib/gcc/avr/4.3.3/../../../../avr/lib/avr5\libc.a(iob.o)
 .data          0x0080018e        0x0 c:/winavr-20100110/bin/../lib/gcc/avr/4.3.3/../../../../avr/lib/avr5\libc.a(printf.o)
 .data          0x0080018e        0x0 c:/winavr-20100110/bin/../lib/gcc/avr/4.3.3/../../../../avr/lib/avr5\libc.a(sprintf.o)
 .data          0x0080018e        0x0 c:/winavr-20100110/bin/../lib/gcc/avr/4.3.3/../../../../avr/lib/avr5\libc.a(ultoa_invert.o)
 *(.data*)
 .data.freqOSC  0x0080018e        0x4 ./Libraries/USART.o
                0x0080018e                freqOSC
 .data.highADC  0x00800192        0x2 ./Lab1/Lab1_ADCandWaveform.o
                0x00800192                highADC
 .data.tempValConversion
                0x00800194        0x2 ./Lab1/Lab1_ADCandWaveform.o
                0x00800194                tempValConversion
 .data.compareCounter
                0x00800196        0x2 ./Lab1/Lab1_ADCandWaveform.o
                0x00800196                compareCounter
 .data.dutyCycle
                0x00800198        0x4 ./Lab1/Lab1_ADCandWaveform.o
                0x00800198                dutyCycle
 .data.getChar  0x0080019c        0x1 ./Lab1/Lab1_ADCandWaveform.o
                0x0080019c                getChar
 .data.DAC1Val  0x0080019d        0x2 ./Lab2A.o
                0x0080019d                DAC1Val
 .data.direction
                0x0080019f        0x2 ./Lab2A.o
                0x0080019f                direction
 .data.KpShoulder
                0x008001a1        0x4 ./Lab2A.o
                0x008001a1                KpShoulder
 .data.KiShoulder
                0x008001a5        0x4 ./Lab2A.o
                0x008001a5                KiShoulder
 .data.KdShoulder
                0x008001a9        0x4 ./Lab2A.o
                0x008001a9                KdShoulder
 .data.KpElbow  0x008001ad        0x4 ./Lab2A.o
                0x008001ad                KpElbow
 .data.KiElbow  0x008001b1        0x4 ./Lab2A.o
                0x008001b1                KiElbow
 .data.DACValue
                0x008001b5        0x2 ./Lab2A.o
                0x008001b5                DACValue
 .data.oldValShoulder
                0x008001b7        0x2 ./Lab2A.o
                0x008001b7                oldValShoulder
 .data.oldValElbow
                0x008001b9        0x2 ./Lab2A.o
                0x008001b9                oldValElbow
 .data.y        0x008001bb        0x2 ./Lab2A.o
                0x008001bb                y
 .data.RBEOut   0x008001bd        0xe C:\Users\djcupo\git\rbelib\RBELib\Release\libRBELib.a(Debug.o)
 *(.rodata)
 *(.rodata*)
 *(.gnu.linkonce.d*)
                0x008001cc                . = ALIGN (0x2)
 *fill*         0x008001cb        0x1 00
                0x008001cc                _edata = .
                0x008001cc                PROVIDE (__data_end, .)

.bss            0x008001cc       0x53
                0x008001cc                PROVIDE (__bss_start, .)
 *(.bss)
 .bss           0x008001cc        0x0 c:/winavr-20100110/bin/../lib/gcc/avr/4.3.3/../../../../avr/lib/avr5/crtm644p.o
 .bss           0x008001cc        0x0 c:/winavr-20100110/bin/../lib/gcc/avr/4.3.3/../../../../avr/lib/avr5\libprintf_flt.a(vfprintf_flt.o)
 .bss           0x008001cc        0x0 ./Libraries/ADC.o
 .bss           0x008001cc        0x0 ./Libraries/DAC.o
 .bss           0x008001cc        0x0 ./Libraries/SPI.o
 .bss           0x008001cc        0x0 ./Libraries/USART.o
 .bss           0x008001cc        0x0 ./Libraries/kinematics.o
 .bss           0x008001cc        0x0 ./Libraries/motors.o
 .bss           0x008001cc        0x0 ./Lab1/Lab1_ADCandWaveform.o
 .bss           0x008001cc        0x0 ./Lab2A.o
 .bss           0x008001cc        0x0 ./main.o
 .bss           0x008001cc        0x0 C:\Users\djcupo\git\rbelib\RBELib\Release\libRBELib.a(Debug.o)
 .bss           0x008001cc        0x0 C:\Users\djcupo\git\rbelib\RBELib\Release\libRBELib.a(SetServo.o)
 .bss           0x008001cc        0x0 c:/winavr-20100110/bin/../lib/gcc/avr/4.3.3/../../../../avr/lib/avr5\libM.a(acos.o)
 .bss           0x008001cc        0x0 c:/winavr-20100110/bin/../lib/gcc/avr/4.3.3/../../../../avr/lib/avr5\libM.a(addsf3.o)
 .bss           0x008001cc        0x0 c:/winavr-20100110/bin/../lib/gcc/avr/4.3.3/../../../../avr/lib/avr5\libM.a(addsf3x.o)
 .bss           0x008001cc        0x0 c:/winavr-20100110/bin/../lib/gcc/avr/4.3.3/../../../../avr/lib/avr5\libM.a(atan2.o)
 .bss           0x008001cc        0x0 c:/winavr-20100110/bin/../lib/gcc/avr/4.3.3/../../../../avr/lib/avr5\libM.a(atan.o)
 .bss           0x008001cc        0x0 c:/winavr-20100110/bin/../lib/gcc/avr/4.3.3/../../../../avr/lib/avr5\libM.a(cmpsf2.o)
 .bss           0x008001cc        0x0 c:/winavr-20100110/bin/../lib/gcc/avr/4.3.3/../../../../avr/lib/avr5\libM.a(cos.o)
 .bss           0x008001cc        0x0 c:/winavr-20100110/bin/../lib/gcc/avr/4.3.3/../../../../avr/lib/avr5\libM.a(divsf3.o)
 .bss           0x008001cc        0x0 c:/winavr-20100110/bin/../lib/gcc/avr/4.3.3/../../../../avr/lib/avr5\libM.a(divsf3x.o)
 .bss           0x008001cc        0x0 c:/winavr-20100110/bin/../lib/gcc/avr/4.3.3/../../../../avr/lib/avr5\libM.a(fixsfsi.o)
 .bss           0x008001cc        0x0 c:/winavr-20100110/bin/../lib/gcc/avr/4.3.3/../../../../avr/lib/avr5\libM.a(fixunssfsi.o)
 .bss           0x008001cc        0x0 c:/winavr-20100110/bin/../lib/gcc/avr/4.3.3/../../../../avr/lib/avr5\libM.a(floatsisf.o)
 .bss           0x008001cc        0x0 c:/winavr-20100110/bin/../lib/gcc/avr/4.3.3/../../../../avr/lib/avr5\libM.a(fp_arccos.o)
 .bss           0x008001cc        0x0 c:/winavr-20100110/bin/../lib/gcc/avr/4.3.3/../../../../avr/lib/avr5\libM.a(fp_cmp.o)
 .bss           0x008001cc        0x0 c:/winavr-20100110/bin/../lib/gcc/avr/4.3.3/../../../../avr/lib/avr5\libM.a(fp_inf.o)
 .bss           0x008001cc        0x0 c:/winavr-20100110/bin/../lib/gcc/avr/4.3.3/../../../../avr/lib/avr5\libM.a(fp_nan.o)
 .bss           0x008001cc        0x0 c:/winavr-20100110/bin/../lib/gcc/avr/4.3.3/../../../../avr/lib/avr5\libM.a(fp_powser.o)
 .bss           0x008001cc        0x0 c:/winavr-20100110/bin/../lib/gcc/avr/4.3.3/../../../../avr/lib/avr5\libM.a(fp_pscA.o)
 .bss           0x008001cc        0x0 c:/winavr-20100110/bin/../lib/gcc/avr/4.3.3/../../../../avr/lib/avr5\libM.a(fp_pscB.o)
 .bss           0x008001cc        0x0 c:/winavr-20100110/bin/../lib/gcc/avr/4.3.3/../../../../avr/lib/avr5\libM.a(fp_rempio2.o)
 .bss           0x008001cc        0x0 c:/winavr-20100110/bin/../lib/gcc/avr/4.3.3/../../../../avr/lib/avr5\libM.a(fp_round.o)
 .bss           0x008001cc        0x0 c:/winavr-20100110/bin/../lib/gcc/avr/4.3.3/../../../../avr/lib/avr5\libM.a(fp_sinus.o)
 .bss           0x008001cc        0x0 c:/winavr-20100110/bin/../lib/gcc/avr/4.3.3/../../../../avr/lib/avr5\libM.a(fp_split3.o)
 .bss           0x008001cc        0x0 c:/winavr-20100110/bin/../lib/gcc/avr/4.3.3/../../../../avr/lib/avr5\libM.a(fp_zero.o)
 .bss           0x008001cc        0x0 c:/winavr-20100110/bin/../lib/gcc/avr/4.3.3/../../../../avr/lib/avr5\libM.a(gesf2.o)
 .bss           0x008001cc        0x0 c:/winavr-20100110/bin/../lib/gcc/avr/4.3.3/../../../../avr/lib/avr5\libM.a(inverse.o)
 .bss           0x008001cc        0x0 c:/winavr-20100110/bin/../lib/gcc/avr/4.3.3/../../../../avr/lib/avr5\libM.a(mulsf3.o)
 .bss           0x008001cc        0x0 c:/winavr-20100110/bin/../lib/gcc/avr/4.3.3/../../../../avr/lib/avr5\libM.a(mulsf3x.o)
 .bss           0x008001cc        0x0 c:/winavr-20100110/bin/../lib/gcc/avr/4.3.3/../../../../avr/lib/avr5\libM.a(sin.o)
 .bss           0x008001cc        0x0 c:/winavr-20100110/bin/../lib/gcc/avr/4.3.3/../../../../avr/lib/avr5\libM.a(sqrt.o)
 .bss           0x008001cc        0x0 c:/winavr-20100110/bin/../lib/gcc/avr/4.3.3/../../../../avr/lib/avr5\libM.a(square.o)
 .bss           0x008001cc        0x0 c:/winavr-20100110/bin/../lib/gcc/avr/4.3.3/../../../../avr/lib/avr5\libM.a(fp_mpack.o)
 .bss           0x008001cc        0x0 c:/winavr-20100110/bin/../lib/gcc/avr/4.3.3/../../../../avr/lib/avr5\libM.a(fp_norm2.o)
 .bss           0x008001cc        0x0 c:/winavr-20100110/bin/../lib/gcc/avr/4.3.3/../../../../avr/lib/avr5\libM.a(fp_powsodd.o)
 .bss           0x008001cc        0x0 c:/winavr-20100110/bin/../lib/gcc/avr/4.3.3/avr5\libgcc.a(_divmodhi4.o)
 .bss           0x008001cc        0x0 c:/winavr-20100110/bin/../lib/gcc/avr/4.3.3/avr5\libgcc.a(_udivmodsi4.o)
 .bss           0x008001cc        0x0 c:/winavr-20100110/bin/../lib/gcc/avr/4.3.3/avr5\libgcc.a(_prologue.o)
 .bss           0x008001cc        0x0 c:/winavr-20100110/bin/../lib/gcc/avr/4.3.3/avr5\libgcc.a(_epilogue.o)
 .bss           0x008001cc        0x0 c:/winavr-20100110/bin/../lib/gcc/avr/4.3.3/avr5\libgcc.a(_exit.o)
 .bss           0x008001cc        0x0 c:/winavr-20100110/bin/../lib/gcc/avr/4.3.3/avr5\libgcc.a(_copy_data.o)
 .bss           0x008001cc        0x0 c:/winavr-20100110/bin/../lib/gcc/avr/4.3.3/avr5\libgcc.a(_clear_bss.o)
 .bss           0x008001cc        0x0 c:/winavr-20100110/bin/../lib/gcc/avr/4.3.3/avr5\libgcc.a(_udivmodhi4.o)
 .bss           0x008001cc        0x0 c:/winavr-20100110/bin/../lib/gcc/avr/4.3.3/../../../../avr/lib/avr5\libc.a(ftoa_engine.o)
 .bss           0x008001cc        0x0 c:/winavr-20100110/bin/../lib/gcc/avr/4.3.3/../../../../avr/lib/avr5\libc.a(strnlen_P.o)
 .bss           0x008001cc        0x0 c:/winavr-20100110/bin/../lib/gcc/avr/4.3.3/../../../../avr/lib/avr5\libc.a(strnlen.o)
 .bss           0x008001cc        0x0 c:/winavr-20100110/bin/../lib/gcc/avr/4.3.3/../../../../avr/lib/avr5\libc.a(fputc.o)
 .bss           0x008001cc        0x0 c:/winavr-20100110/bin/../lib/gcc/avr/4.3.3/../../../../avr/lib/avr5\libc.a(iob.o)
 .bss           0x008001cc        0x0 c:/winavr-20100110/bin/../lib/gcc/avr/4.3.3/../../../../avr/lib/avr5\libc.a(printf.o)
 .bss           0x008001cc        0x0 c:/winavr-20100110/bin/../lib/gcc/avr/4.3.3/../../../../avr/lib/avr5\libc.a(sprintf.o)
 .bss           0x008001cc        0x0 c:/winavr-20100110/bin/../lib/gcc/avr/4.3.3/../../../../avr/lib/avr5\libc.a(ultoa_invert.o)
 *(.bss*)
 .bss.lowADC    0x008001cc        0x2 ./Lab1/Lab1_ADCandWaveform.o
                0x008001cc                lowADC
 .bss.outputState
                0x008001ce        0x2 ./Lab1/Lab1_ADCandWaveform.o
                0x008001ce                outputState
 .bss.ADCCount  0x008001d0        0x2 ./Lab1/Lab1_ADCandWaveform.o
                0x008001d0                ADCCount
 .bss.timerCount
                0x008001d2        0x2 ./Lab1/Lab1_ADCandWaveform.o
                0x008001d2                timerCount
 .bss.freq      0x008001d4        0x2 ./Lab1/Lab1_ADCandWaveform.o
                0x008001d4                freq
 .bss.state     0x008001d6        0x2 ./Lab1/Lab1_ADCandWaveform.o
                0x008001d6                state
 .bss.totalTest
                0x008001d8        0x2 ./Lab1/Lab1_ADCandWaveform.o
                0x008001d8                totalTest
 .bss.freqSet   0x008001da        0x1 ./Lab1/Lab1_ADCandWaveform.o
                0x008001da                freqSet
 .bss.printVal  0x008001db        0x1 ./Lab1/Lab1_ADCandWaveform.o
                0x008001db                printVal
 .bss.DAC0Val   0x008001dc        0x2 ./Lab2A.o
                0x008001dc                DAC0Val
 .bss.hzFlag    0x008001de        0x2 ./Lab2A.o
                0x008001de                hzFlag
 .bss.counter   0x008001e0        0x2 ./Lab2A.o
                0x008001e0                counter
 .bss.integrationSumShoulder
                0x008001e2        0x2 ./Lab2A.o
                0x008001e2                integrationSumShoulder
 .bss.integrationSumElbow
                0x008001e4        0x4 ./Lab2A.o
                0x008001e4                integrationSumElbow
 .bss.KdElbow   0x008001e8        0x4 ./Lab2A.o
                0x008001e8                KdElbow
 .bss.lastPosShoulder
                0x008001ec        0x2 ./Lab2A.o
                0x008001ec                lastPosShoulder
 .bss.lastPosElbow
                0x008001ee        0x2 ./Lab2A.o
                0x008001ee                lastPosElbow
 .bss.lastPIDOutputShoulder
                0x008001f0        0x2 ./Lab2A.o
                0x008001f0                lastPIDOutputShoulder
 .bss.lastPIDOutputElbow
                0x008001f2        0x2 ./Lab2A.o
                0x008001f2                lastPIDOutputElbow
 .bss.timer     0x008001f4        0x2 ./Lab2A.o
                0x008001f4                timer
 .bss.ADCValue  0x008001f6        0x2 ./Lab2A.o
                0x008001f6                ADCValue
 .bss.counter2  0x008001f8        0x2 ./Lab2A.o
                0x008001f8                counter2
 .bss.degreesAAA
                0x008001fa        0x4 ./Lab2A.o
                0x008001fa                degreesAAA
 .bss.desiredValue
                0x008001fe        0x2 ./Lab2A.o
                0x008001fe                desiredValue
 .bss.x         0x00800200        0x2 ./Lab2A.o
                0x00800200                x
 *(COMMON)
 COMMON         0x00800202        0x1 ./Lab1/Lab1_ADCandWaveform.o
                0x00800202                inchar
 COMMON         0x00800203       0x16 ./Lab2A.o
                0x00800203                desiredValueShoulder
                0x00800207                currentVal
                0x00800209                diffErr
                0x0080020b                theta2
                0x0080020f                desiredValueElbow
                0x00800213                error
                0x00800215                theta1
 COMMON         0x00800219        0x6 c:/winavr-20100110/bin/../lib/gcc/avr/4.3.3/../../../../avr/lib/avr5\libc.a(iob.o)
                0x00800219                __iob
                0x0080021f                PROVIDE (__bss_end, .)
                0x00002aa8                __data_load_start = LOADADDR (.data)
                0x00002b74                __data_load_end = (__data_load_start + SIZEOF (.data))

.noinit         0x0080021f        0x0
                0x0080021f                PROVIDE (__noinit_start, .)
 *(.noinit*)
                0x0080021f                PROVIDE (__noinit_end, .)
                0x0080021f                _end = .
                0x0080021f                PROVIDE (__heap_start, .)

.eeprom         0x00810000        0x0
 *(.eeprom*)
                0x00810000                __eeprom_end = .

.fuse
 *(.fuse)
 *(.lfuse)
 *(.hfuse)
 *(.efuse)

.lock
 *(.lock*)

.signature
 *(.signature*)

.stab
 *(.stab)

.stabstr
 *(.stabstr)

.stab.excl
 *(.stab.excl)

.stab.exclstr
 *(.stab.exclstr)

.stab.index
 *(.stab.index)

.stab.indexstr
 *(.stab.indexstr)

.comment
 *(.comment)

.debug
 *(.debug)

.line
 *(.line)

.debug_srcinfo
 *(.debug_srcinfo)

.debug_sfnames
 *(.debug_sfnames)

.debug_aranges
 *(.debug_aranges)

.debug_pubnames
 *(.debug_pubnames)

.debug_info
 *(.debug_info)
 *(.gnu.linkonce.wi.*)

.debug_abbrev
 *(.debug_abbrev)

.debug_line
 *(.debug_line)

.debug_frame
 *(.debug_frame)

.debug_str
 *(.debug_str)

.debug_loc
 *(.debug_loc)

.debug_macinfo
 *(.debug_macinfo)
OUTPUT(RBE3001_Group.elf elf32-avr)
LOAD linker stubs
